Archive member included to satisfy reference by file (symbol)

lib/arduino.a(HardwareSerial.o)
                              bin/gris5A.o (_ZN14HardwareSerial9availableEv)
lib/arduino.a(HardwareSerial0.o)
                              bin/gris5A.o (Serial)
lib/arduino.a(main.o)         c:/progra~2/arduino/hardware/tools/avr/bin/../lib/gcc/avr/4.9.2/../../../../avr/lib/avr5/crtatmega328p.o (main)
lib/arduino.a(new.o)          bin/gris5A.o (_Znaj)
lib/arduino.a(Print.o)        lib/arduino.a(HardwareSerial.o) (_ZN5Print5writeEPKhj)
lib/arduino.a(wiring.o)       bin/gris5A.o (delayMicroseconds)
lib/arduino.a(wiring_digital.o)
                              bin/gris5A.o (pinMode)
lib/arduino.a(wiring_shift.o)
                              bin/gris5A.o (shiftOut)
lib/arduino.a(abi.o)          lib/arduino.a(Print.o) (__cxa_pure_virtual)
lib/arduino.a(hooks.o)        lib/arduino.a(wiring.o) (yield)
lib/qpn_avr.a(qepn.o)         bin/gris5A.o (QHsm_top)
lib/qpn_avr.a(qfn.o)          bin/gris5A.o (QActive_ctor)
lib/qpn_avr.a(qvn.o)          bin/gris5A.o (QF_run)
lib/gris5Alib.a(_Adafruit_PWMServoDriver.o)
                              bin/gris5A.o (_ZN23Adafruit_PWMServoDriverC1Eh)
lib/gris5Alib.a(_Wire.o)      lib/gris5Alib.a(_Adafruit_PWMServoDriver.o) (_ZN7TwoWire5beginEv)
lib/gris5Alib.a(_twi.o)       lib/gris5Alib.a(_Wire.o) (twi_init)
c:/progra~2/arduino/hardware/tools/avr/bin/../lib/gcc/avr/4.9.2/../../../../avr/lib/avr5\libm.a(addsf3.o)
                              bin/gris5A.o (__subsf3)
c:/progra~2/arduino/hardware/tools/avr/bin/../lib/gcc/avr/4.9.2/../../../../avr/lib/avr5\libm.a(addsf3x.o)
                              c:/progra~2/arduino/hardware/tools/avr/bin/../lib/gcc/avr/4.9.2/../../../../avr/lib/avr5\libm.a(addsf3.o) (__addsf3x)
c:/progra~2/arduino/hardware/tools/avr/bin/../lib/gcc/avr/4.9.2/../../../../avr/lib/avr5\libm.a(cmpsf2.o)
                              lib/arduino.a(Print.o) (__ltsf2)
c:/progra~2/arduino/hardware/tools/avr/bin/../lib/gcc/avr/4.9.2/../../../../avr/lib/avr5\libm.a(divsf3.o)
                              lib/arduino.a(Print.o) (__divsf3)
c:/progra~2/arduino/hardware/tools/avr/bin/../lib/gcc/avr/4.9.2/../../../../avr/lib/avr5\libm.a(divsf3x.o)
                              c:/progra~2/arduino/hardware/tools/avr/bin/../lib/gcc/avr/4.9.2/../../../../avr/lib/avr5\libm.a(divsf3.o) (__divsf3x)
c:/progra~2/arduino/hardware/tools/avr/bin/../lib/gcc/avr/4.9.2/../../../../avr/lib/avr5\libm.a(fixunssfsi.o)
                              bin/gris5A.o (__fixunssfsi)
c:/progra~2/arduino/hardware/tools/avr/bin/../lib/gcc/avr/4.9.2/../../../../avr/lib/avr5\libm.a(floatsisf.o)
                              bin/gris5A.o (__floatunsisf)
c:/progra~2/arduino/hardware/tools/avr/bin/../lib/gcc/avr/4.9.2/../../../../avr/lib/avr5\libm.a(floor.o)
                              lib/gris5Alib.a(_Adafruit_PWMServoDriver.o) (floor)
c:/progra~2/arduino/hardware/tools/avr/bin/../lib/gcc/avr/4.9.2/../../../../avr/lib/avr5\libm.a(fp_cmp.o)
                              c:/progra~2/arduino/hardware/tools/avr/bin/../lib/gcc/avr/4.9.2/../../../../avr/lib/avr5\libm.a(cmpsf2.o) (__fp_cmp)
c:/progra~2/arduino/hardware/tools/avr/bin/../lib/gcc/avr/4.9.2/../../../../avr/lib/avr5\libm.a(fp_inf.o)
                              c:/progra~2/arduino/hardware/tools/avr/bin/../lib/gcc/avr/4.9.2/../../../../avr/lib/avr5\libm.a(addsf3x.o) (__fp_inf)
c:/progra~2/arduino/hardware/tools/avr/bin/../lib/gcc/avr/4.9.2/../../../../avr/lib/avr5\libm.a(fp_mintl.o)
                              c:/progra~2/arduino/hardware/tools/avr/bin/../lib/gcc/avr/4.9.2/../../../../avr/lib/avr5\libm.a(floor.o) (__fp_mintl)
c:/progra~2/arduino/hardware/tools/avr/bin/../lib/gcc/avr/4.9.2/../../../../avr/lib/avr5\libm.a(fp_mpack.o)
                              c:/progra~2/arduino/hardware/tools/avr/bin/../lib/gcc/avr/4.9.2/../../../../avr/lib/avr5\libm.a(floor.o) (__fp_mpack)
c:/progra~2/arduino/hardware/tools/avr/bin/../lib/gcc/avr/4.9.2/../../../../avr/lib/avr5\libm.a(fp_nan.o)
                              c:/progra~2/arduino/hardware/tools/avr/bin/../lib/gcc/avr/4.9.2/../../../../avr/lib/avr5\libm.a(addsf3x.o) (__fp_nan)
c:/progra~2/arduino/hardware/tools/avr/bin/../lib/gcc/avr/4.9.2/../../../../avr/lib/avr5\libm.a(fp_pscA.o)
                              c:/progra~2/arduino/hardware/tools/avr/bin/../lib/gcc/avr/4.9.2/../../../../avr/lib/avr5\libm.a(addsf3x.o) (__fp_pscA)
c:/progra~2/arduino/hardware/tools/avr/bin/../lib/gcc/avr/4.9.2/../../../../avr/lib/avr5\libm.a(fp_pscB.o)
                              c:/progra~2/arduino/hardware/tools/avr/bin/../lib/gcc/avr/4.9.2/../../../../avr/lib/avr5\libm.a(addsf3x.o) (__fp_pscB)
c:/progra~2/arduino/hardware/tools/avr/bin/../lib/gcc/avr/4.9.2/../../../../avr/lib/avr5\libm.a(fp_round.o)
                              c:/progra~2/arduino/hardware/tools/avr/bin/../lib/gcc/avr/4.9.2/../../../../avr/lib/avr5\libm.a(addsf3.o) (__fp_round)
[...]
Memory Configuration

Name             Origin             Length             Attributes
text             0x00000000         0x00020000         xr
data             0x00800060         0x0000ffa0         rw !x
eeprom           0x00810000         0x00010000         rw !x
fuse             0x00820000         0x00000400         rw !x
lock             0x00830000         0x00000400         rw !x
signature        0x00840000         0x00000400         rw !x
*default*        0x00000000         0xffffffff

Linker script and memory map

Address of section .data set to 0x800100
LOAD c:/progra~2/arduino/hardware/tools/avr/bin/../lib/gcc/avr/4.9.2/../../../../avr/lib/avr5/crtatmega328p.o
LOAD bin/gris5A.o
LOAD lib/arduino.a
LOAD lib/qpn_avr.a
LOAD lib/gris5Alib.a
LOAD lib/prfServo.a
LOAD lib/arduino.a
LOAD c:/progra~2/arduino/hardware/tools/avr/bin/../lib/gcc/avr/4.9.2/../../../../avr/lib/avr5\libm.a
START GROUP
LOAD c:/progra~2/arduino/hardware/tools/avr/bin/../lib/gcc/avr/4.9.2/avr5\libgcc.a
LOAD c:/progra~2/arduino/hardware/tools/avr/bin/../lib/gcc/avr/4.9.2/../../../../avr/lib/avr5\libm.a
LOAD c:/progra~2/arduino/hardware/tools/avr/bin/../lib/gcc/avr/4.9.2/../../../../avr/lib/avr5\libc.a
LOAD c:/progra~2/arduino/hardware/tools/avr/bin/../lib/gcc/avr/4.9.2/../../../../avr/lib/avr5\libatmega328p.a
END GROUP

.hash
 *(.hash)

.dynsym
 *(.dynsym)

.dynstr
 *(.dynstr)

.gnu.version
 *(.gnu.version)

.gnu.version_d
 *(.gnu.version_d)

.gnu.version_r
 *(.gnu.version_r)

.rel.init
 *(.rel.init)

.rela.init
 *(.rela.init)

.rel.text
 *(.rel.text)
 *(.rel.text.*)
 *(.rel.gnu.linkonce.t*)

.rela.text
 *(.rela.text)
 *(.rela.text.*)
 *(.rela.gnu.linkonce.t*)

.rel.fini
 *(.rel.fini)

.rela.fini
 *(.rela.fini)

.rel.rodata
 *(.rel.rodata)
 *(.rel.rodata.*)
 *(.rel.gnu.linkonce.r*)

.rela.rodata
 *(.rela.rodata)
 *(.rela.rodata.*)
 *(.rela.gnu.linkonce.r*)

.rel.data
 *(.rel.data)
 *(.rel.data.*)
 *(.rel.gnu.linkonce.d*)

.rela.data
 *(.rela.data)
 *(.rela.data.*)
 *(.rela.gnu.linkonce.d*)

.rel.ctors
 *(.rel.ctors)

.rela.ctors
 *(.rela.ctors)

.rel.dtors
 *(.rel.dtors)

.rela.dtors
 *(.rela.dtors)

.rel.got
 *(.rel.got)

.rela.got
 *(.rela.got)

.rel.bss
 *(.rel.bss)

.rela.bss
 *(.rela.bss)

.rel.plt
 *(.rel.plt)

.rela.plt
 *(.rela.plt)

.text           0x00000000     0x7b3e
 *(.vectors)
 .vectors       0x00000000       0x68 c:/progra~2/arduino/hardware/tools/avr/bin/../lib/gcc/avr/4.9.2/../../../../avr/lib/avr5/crtatmega328p.o
                0x00000000                __vector_default
                0x00000000                __vectors
 *(.vectors)
 *(.progmem.gcc*)
 .progmem.gcc_fplib
                0x00000068       0x28 c:/progra~2/arduino/hardware/tools/avr/bin/../lib/gcc/avr/4.9.2/../../../../avr/lib/avr5\libm.a(exp.o)
 .progmem.gcc_fplib
                0x00000090       0x5a c:/progra~2/arduino/hardware/tools/avr/bin/../lib/gcc/avr/4.9.2/../../../../avr/lib/avr5\libm.a(log.o)
                0x000000ea                . = ALIGN (0x2)
                0x000000ea                __trampolines_start = .
 *(.trampolines)
 .trampolines   0x000000ea        0x0 linker stubs
 *(.trampolines*)
                0x000000ea                __trampolines_end = .
 *(.progmem*)
 .progmem.data._ZZL20DKbIn_printDKbInDataP5DKbInE3__c_30
                0x000000ea       0x1d bin/gris5A.o
 .progmem.data._ZZL20DKbIn_printDKbInDataP5DKbInE3__c_29
                0x00000107       0x22 bin/gris5A.o
 .progmem.data._ZZL20DKbIn_printDKbInDataP5DKbInE3__c_28
                0x00000129       0x22 bin/gris5A.o
 .progmem.data._ZZL20DKbIn_printDKbInDataP5DKbInE3__c_27
                0x0000014b       0x22 bin/gris5A.o
 .progmem.data._ZZL20DKbIn_printDKbInDataP5DKbInE3__c_26
                0x0000016d       0x1b bin/gris5A.o
 .progmem.data._ZZL20DKbIn_printDKbInDataP5DKbInE3__c_25
                0x00000188       0x1c bin/gris5A.o
 .progmem.data._ZZL20DKbIn_printDKbInDataP5DKbInE3__c_24
                0x000001a4       0x1a bin/gris5A.o
 .progmem.data._ZZL20DKbIn_printDKbInDataP5DKbInE3__c_23
                0x000001be       0x22 bin/gris5A.o
 .progmem.data._ZZL20DKbIn_printDKbInDataP5DKbInE3__c_22
                0x000001e0       0x21 bin/gris5A.o
 .progmem.data._ZZL20DKbIn_printDKbInDataP5DKbInE3__c_21
                0x00000201       0x22 bin/gris5A.o
 .progmem.data._ZZL20DKbIn_printDKbInDataP5DKbInE3__c_20
                0x00000223       0x20 bin/gris5A.o
 .progmem.data._ZZL20DKbIn_printDKbInDataP5DKbInE3__c_19
                0x00000243       0x1f bin/gris5A.o
 .progmem.data._ZZL20DKbIn_printDKbInDataP5DKbInE3__c_18
                0x00000262       0x22 bin/gris5A.o
 .progmem.data._ZZL20DKbIn_printDKbInDataP5DKbInE3__c_17
                0x00000284       0x20 bin/gris5A.o
 .progmem.data._ZZL20DKbIn_printDKbInDataP5DKbInE3__c_16
                0x000002a4       0x21 bin/gris5A.o
 .progmem.data._ZZL20DKbIn_printDKbInDataP5DKbInE3__c_15
                0x000002c5       0x1f bin/gris5A.o
 .progmem.data._ZZL20DKbIn_printDKbInDataP5DKbInE3__c_14
                0x000002e4       0x21 bin/gris5A.o
 .progmem.data._ZZL20DKbIn_printDKbInDataP5DKbInE3__c_13
                0x00000305       0x20 bin/gris5A.o
 .progmem.data._ZZL20DKbIn_printDKbInDataP5DKbInE3__c_12
                0x00000325       0x1e bin/gris5A.o
 .progmem.data._ZZL20DKbIn_printDKbInDataP5DKbInE3__c_11
                0x00000343       0x21 bin/gris5A.o
 .progmem.data._ZZL20DKbIn_printDKbInDataP5DKbInE3__c_10
                0x00000364       0x1f bin/gris5A.o
 .progmem.data._ZZL20DKbIn_printDKbInDataP5DKbInE3__c_9
                0x00000383       0x1f bin/gris5A.o
 .progmem.data._ZZL20DKbIn_printDKbInDataP5DKbInE3__c_8
                0x000003a2       0x20 bin/gris5A.o
 .progmem.data._ZZL20DKbIn_printDKbInDataP5DKbInE3__c_7
                0x000003c2       0x1e bin/gris5A.o
 .progmem.data._ZZL20DKbIn_printDKbInDataP5DKbInE3__c_6
                0x000003e0       0x22 bin/gris5A.o
 .progmem.data._ZZL20DKbIn_printDKbInDataP5DKbInE3__c_5
                0x00000402       0x22 bin/gris5A.o
 .progmem.data._ZZL20DKbIn_printDKbInDataP5DKbInE3__c_4
                0x00000424       0x2a bin/gris5A.o
 .progmem.data._ZZL20DKbIn_printDKbInDataP5DKbInE3__c_3
                0x0000044e       0x22 bin/gris5A.o
 .progmem.data._ZZL20DKbIn_printDKbInDataP5DKbInE3__c_2
                0x00000470       0x22 bin/gris5A.o
 .progmem.data._ZZL20DKbIn_printDKbInDataP5DKbInE3__c_1
                0x00000492       0x25 bin/gris5A.o
 .progmem.data._ZZL20DKbIn_printDKbInDataP5DKbInE3__c_0
                0x000004b7       0x20 bin/gris5A.o
 .progmem.data._ZZL20DKbIn_printDKbInDataP5DKbInE3__c
                0x000004d7       0x26 bin/gris5A.o
 .progmem.data._ZZL13DKbIn_initialP5DKbInE3__c
                0x000004fd       0x12 bin/gris5A.o
 .progmem.data._ZZL25ManualMotion_ManualMotionP12ManualMotionE3__c_19
                0x0000050f        0xd bin/gris5A.o
 .progmem.data._ZZL25ManualMotion_ManualMotionP12ManualMotionE3__c_18
                0x0000051c       0x10 bin/gris5A.o
 .progmem.data._ZZL25ManualMotion_ManualMotionP12ManualMotionE3__c_17
                0x0000052c       0x10 bin/gris5A.o
 .progmem.data._ZZL25ManualMotion_ManualMotionP12ManualMotionE3__c_16
                0x0000053c       0x10 bin/gris5A.o
 .progmem.data._ZZL25ManualMotion_ManualMotionP12ManualMotionE3__c_15
                0x0000054c       0x10 bin/gris5A.o
 .progmem.data._ZZL25ManualMotion_ManualMotionP12ManualMotionE3__c_14
                0x0000055c       0x15 bin/gris5A.o
 .progmem.data._ZZL25ManualMotion_ManualMotionP12ManualMotionE3__c_13
                0x00000571       0x15 bin/gris5A.o
 .progmem.data._ZZL25ManualMotion_ManualMotionP12ManualMotionE3__c_12
                0x00000586       0x15 bin/gris5A.o
 .progmem.data._ZZL25ManualMotion_ManualMotionP12ManualMotionE3__c_11
                0x0000059b       0x15 bin/gris5A.o
 .progmem.data._ZZL25ManualMotion_ManualMotionP12ManualMotionE3__c_10
                0x000005b0       0x14 bin/gris5A.o
 .progmem.data._ZZL25ManualMotion_ManualMotionP12ManualMotionE3__c_9
                0x000005c4       0x14 bin/gris5A.o
 .progmem.data._ZZL25ManualMotion_ManualMotionP12ManualMotionE3__c_8
                0x000005d8       0x14 bin/gris5A.o
 .progmem.data._ZZL25ManualMotion_ManualMotionP12ManualMotionE3__c_7
                0x000005ec       0x14 bin/gris5A.o
 .progmem.data._ZZL25ManualMotion_ManualMotionP12ManualMotionE3__c_6
                0x00000600       0x15 bin/gris5A.o
 .progmem.data._ZZL25ManualMotion_ManualMotionP12ManualMotionE3__c_5
                0x00000615       0x15 bin/gris5A.o
 .progmem.data._ZZL25ManualMotion_ManualMotionP12ManualMotionE3__c_4
                0x0000062a       0x15 bin/gris5A.o
 .progmem.data._ZZL25ManualMotion_ManualMotionP12ManualMotionE3__c_3
                0x0000063f       0x15 bin/gris5A.o
 .progmem.data._ZZL25ManualMotion_ManualMotionP12ManualMotionE3__c_2
                0x00000654       0x14 bin/gris5A.o
 .progmem.data._ZZL25ManualMotion_ManualMotionP12ManualMotionE3__c_1
                0x00000668       0x14 bin/gris5A.o
 .progmem.data._ZZL25ManualMotion_ManualMotionP12ManualMotionE3__c_0
                0x0000067c       0x14 bin/gris5A.o
 .progmem.data._ZZL25ManualMotion_ManualMotionP12ManualMotionE3__c
                0x00000690       0x14 bin/gris5A.o
 .progmem.data._ZZL20ManualMotion_initialP12ManualMotionE3__c
                0x000006a4       0x19 bin/gris5A.o
 .progmem.data._ZZL21PreSet_WaitForProgramP6PreSetE3__c
                0x000006bd       0x1d bin/gris5A.o
 .progmem.data._ZZL14PreSet_initialP6PreSetE3__c
                0x000006da       0x13 bin/gris5A.o
 .progmem.data._ZZL16UserProgram_PlayP11UserProgramE3__c
                0x000006ed       0x18 bin/gris5A.o
 .progmem.data._ZZL18UserProgram_RecordP11UserProgramE3__c_20
                0x00000705       0x21 bin/gris5A.o
 .progmem.data._ZZL18UserProgram_RecordP11UserProgramE3__c_19
                0x00000726       0x10 bin/gris5A.o
 .progmem.data._ZZL18UserProgram_RecordP11UserProgramE3__c_18
                0x00000736       0x10 bin/gris5A.o
 .progmem.data._ZZL18UserProgram_RecordP11UserProgramE3__c_17
                0x00000746       0x10 bin/gris5A.o
 .progmem.data._ZZL18UserProgram_RecordP11UserProgramE3__c_16
                0x00000756       0x10 bin/gris5A.o
 .progmem.data._ZZL18UserProgram_RecordP11UserProgramE3__c_15
                0x00000766       0x15 bin/gris5A.o
 .progmem.data._ZZL18UserProgram_RecordP11UserProgramE3__c_14
                0x0000077b       0x15 bin/gris5A.o
 .progmem.data._ZZL18UserProgram_RecordP11UserProgramE3__c_13
                0x00000790       0x15 bin/gris5A.o
 .progmem.data._ZZL18UserProgram_RecordP11UserProgramE3__c_12
                0x000007a5       0x15 bin/gris5A.o
 .progmem.data._ZZL18UserProgram_RecordP11UserProgramE3__c_11
                0x000007ba       0x14 bin/gris5A.o
 .progmem.data._ZZL18UserProgram_RecordP11UserProgramE3__c_10
                0x000007ce       0x14 bin/gris5A.o
 .progmem.data._ZZL18UserProgram_RecordP11UserProgramE3__c_9
                0x000007e2       0x14 bin/gris5A.o
 .progmem.data._ZZL18UserProgram_RecordP11UserProgramE3__c_8
                0x000007f6       0x14 bin/gris5A.o
 .progmem.data._ZZL18UserProgram_RecordP11UserProgramE3__c_7
                0x0000080a       0x15 bin/gris5A.o
 .progmem.data._ZZL18UserProgram_RecordP11UserProgramE3__c_6
                0x0000081f       0x15 bin/gris5A.o
 .progmem.data._ZZL18UserProgram_RecordP11UserProgramE3__c_5
                0x00000834       0x15 bin/gris5A.o
 .progmem.data._ZZL18UserProgram_RecordP11UserProgramE3__c_4
                0x00000849       0x15 bin/gris5A.o
 .progmem.data._ZZL18UserProgram_RecordP11UserProgramE3__c_3
                0x0000085e       0x14 bin/gris5A.o
 .progmem.data._ZZL18UserProgram_RecordP11UserProgramE3__c_2
                0x00000872       0x14 bin/gris5A.o
 .progmem.data._ZZL18UserProgram_RecordP11UserProgramE3__c_1
                0x00000886       0x14 bin/gris5A.o
 .progmem.data._ZZL18UserProgram_RecordP11UserProgramE3__c_0
                0x0000089a       0x14 bin/gris5A.o
 .progmem.data._ZZL18UserProgram_RecordP11UserProgramE3__c
                0x000008ae       0x1a bin/gris5A.o
 .progmem.data._ZZL16UserProgram_IdleP11UserProgramE3__c
                0x000008c8       0x18 bin/gris5A.o
 .progmem.data._ZZL19UserProgram_initialP11UserProgramE3__c
                0x000008e0       0x18 bin/gris5A.o
 .progmem.data._ZZL16DKbOut_PreSetLEDP6DKbOutE3__c
                0x000008f8       0x1c bin/gris5A.o
 .progmem.data._ZZL25DKbOut_UserProgramPlayLEDP6DKbOutE3__c
                0x00000914       0x25 bin/gris5A.o
 .progmem.data._ZZL27DKbOut_UserProgramRecordLEDP6DKbOutE3__c
                0x00000939       0x27 bin/gris5A.o
 .progmem.data._ZZL22DKbOut_ManualMotionLEDP6DKbOutE3__c
                0x00000960       0x22 bin/gris5A.o
 .progmem.data._ZZL14DKbOut_initialP6DKbOutE3__c
                0x00000982       0x13 bin/gris5A.o
 .progmem.data._ZZL14MotorsOut_WaitP9MotorsOutE3__c
                0x00000995       0x18 bin/gris5A.o
 .progmem.data._ZZL17MotorsOut_initialP9MotorsOutE3__c
                0x000009ad       0x15 bin/gris5A.o
 .progmem.data._ZZ5setupE3__c_0
                0x000009c2        0x6 bin/gris5A.o
 .progmem.data._ZZ5setupE3__c
                0x000009c8       0x11 bin/gris5A.o
 .progmem.data.QF_active
                0x000009d9       0x23 bin/gris5A.o
                0x000009d9                QF_active
 .progmem.data.digital_pin_to_timer_PGM
                0x000009fc       0x14 lib/arduino.a(wiring_digital.o)
                0x000009fc                digital_pin_to_timer_PGM
 .progmem.data.digital_pin_to_bit_mask_PGM
                0x00000a10       0x14 lib/arduino.a(wiring_digital.o)
                0x00000a10                digital_pin_to_bit_mask_PGM
 .progmem.data.digital_pin_to_port_PGM
                0x00000a24       0x14 lib/arduino.a(wiring_digital.o)
                0x00000a24                digital_pin_to_port_PGM
 .progmem.data.port_to_input_PGM
                0x00000a38        0xa lib/arduino.a(wiring_digital.o)
                0x00000a38                port_to_input_PGM
 .progmem.data.port_to_output_PGM
                0x00000a42        0xa lib/arduino.a(wiring_digital.o)
                0x00000a42                port_to_output_PGM
 .progmem.data.port_to_mode_PGM
                0x00000a4c        0xa lib/arduino.a(wiring_digital.o)
                0x00000a4c                port_to_mode_PGM
 .progmem.data.QP_versionStr
                0x00000a56        0x6 lib/qpn_avr.a(qepn.o)
                0x00000a56                QP_versionStr
 .progmem.data.Q_this_module_
                0x00000a5c        0x5 lib/qpn_avr.a(qepn.o)
 .progmem.data.QF_log2Lkup
                0x00000a61       0x10 lib/qpn_avr.a(qfn.o)
                0x00000a61                QF_log2Lkup
 .progmem.data.Q_this_module_
                0x00000a71        0x4 lib/qpn_avr.a(qfn.o)
 .progmem.data.Q_this_module_
                0x00000a75        0x4 lib/qpn_avr.a(qvn.o)
                0x00000a7a                . = ALIGN (0x2)
 *fill*         0x00000a79        0x1 
 *(.jumptables)
 *(.jumptables*)
 *(.lowtext)
 *(.lowtext*)
                0x00000a7a                __ctors_start = .
 *(.ctors)
 .ctors         0x00000a7a        0x2 bin/gris5A.o
 .ctors         0x00000a7c        0x2 lib/arduino.a(HardwareSerial0.o)
 .ctors         0x00000a7e        0x2 lib/gris5Alib.a(_Wire.o)
                0x00000a80                __ctors_end = .
                0x00000a80                __dtors_start = .
 *(.dtors)
 .dtors         0x00000a80        0x2 bin/gris5A.o
                0x00000a82                __dtors_end = .
 SORT(*)(.ctors)
 SORT(*)(.dtors)
 *(.init0)
 .init0         0x00000a82        0x0 c:/progra~2/arduino/hardware/tools/avr/bin/../lib/gcc/avr/4.9.2/../../../../avr/lib/avr5/crtatmega328p.o
                0x00000a82                __init
 *(.init0)
 *(.init1)
 *(.init1)
 *(.init2)
 .init2         0x00000a82        0xc c:/progra~2/arduino/hardware/tools/avr/bin/../lib/gcc/avr/4.9.2/../../../../avr/lib/avr5/crtatmega328p.o
 *(.init2)
 *(.init3)
 *(.init3)
 *(.init4)
 .init4         0x00000a8e       0x16 c:/progra~2/arduino/hardware/tools/avr/bin/../lib/gcc/avr/4.9.2/avr5\libgcc.a(_copy_data.o)
                0x00000a8e                __do_copy_data
 .init4         0x00000aa4       0x10 c:/progra~2/arduino/hardware/tools/avr/bin/../lib/gcc/avr/4.9.2/avr5\libgcc.a(_clear_bss.o)
                0x00000aa4                __do_clear_bss
 *(.init4)
 *(.init5)
 *(.init5)
 *(.init6)
 .init6         0x00000ab4       0x16 c:/progra~2/arduino/hardware/tools/avr/bin/../lib/gcc/avr/4.9.2/avr5\libgcc.a(_ctors.o)
                0x00000ab4                __do_global_ctors
 *(.init6)
 *(.init7)
 *(.init7)
 *(.init8)
 *(.init8)
 *(.init9)
 .init9         0x00000aca        0x8 c:/progra~2/arduino/hardware/tools/avr/bin/../lib/gcc/avr/4.9.2/../../../../avr/lib/avr5/crtatmega328p.o
 *(.init9)
 *(.text)
 .text          0x00000ad2        0x4 c:/progra~2/arduino/hardware/tools/avr/bin/../lib/gcc/avr/4.9.2/../../../../avr/lib/avr5/crtatmega328p.o
                0x00000ad2                __vector_22
                0x00000ad2                __vector_1
                0x00000ad2                __vector_12
                0x00000ad2                __bad_interrupt
                0x00000ad2                __vector_6
                0x00000ad2                __vector_3
                0x00000ad2                __vector_23
                0x00000ad2                __vector_25
                0x00000ad2                __vector_11
                0x00000ad2                __vector_13
                0x00000ad2                __vector_17
                0x00000ad2                __vector_5
                0x00000ad2                __vector_4
                0x00000ad2                __vector_9
                0x00000ad2                __vector_2
                0x00000ad2                __vector_21
                0x00000ad2                __vector_15
                0x00000ad2                __vector_8
                0x00000ad2                __vector_14
                0x00000ad2                __vector_10
                0x00000ad2                __vector_20
 .text          0x00000ad6        0x0 bin/gris5A.o
 .text          0x00000ad6        0x0 lib/arduino.a(HardwareSerial.o)
 .text          0x00000ad6        0x0 lib/arduino.a(HardwareSerial0.o)
 .text          0x00000ad6        0x0 lib/arduino.a(main.o)
 .text          0x00000ad6        0x0 lib/arduino.a(new.o)
 .text          0x00000ad6        0x0 lib/arduino.a(Print.o)
 .text          0x00000ad6        0x0 lib/arduino.a(wiring.o)
 .text          0x00000ad6        0x0 lib/arduino.a(wiring_digital.o)
 .text          0x00000ad6        0x0 lib/arduino.a(wiring_shift.o)
 .text          0x00000ad6        0x0 lib/arduino.a(abi.o)
 .text          0x00000ad6        0x0 lib/arduino.a(hooks.o)
 .text          0x00000ad6        0x0 lib/qpn_avr.a(qepn.o)
 .text          0x00000ad6        0x0 lib/qpn_avr.a(qfn.o)
 .text          0x00000ad6        0x0 lib/qpn_avr.a(qvn.o)
 .text          0x00000ad6        0x0 lib/gris5Alib.a(_Adafruit_PWMServoDriver.o)
 .text          0x00000ad6        0x0 lib/gris5Alib.a(_Wire.o)
 .text          0x00000ad6        0x0 lib/gris5Alib.a(_twi.o)
 .text          0x00000ad6        0x0 c:/progra~2/arduino/hardware/tools/avr/bin/../lib/gcc/avr/4.9.2/../../../../avr/lib/avr5\libm.a(addsf3.o)
 .text          0x00000ad6        0x0 c:/progra~2/arduino/hardware/tools/avr/bin/../lib/gcc/avr/4.9.2/../../../../avr/lib/avr5\libm.a(addsf3x.o)
 .text          0x00000ad6        0x0 c:/progra~2/arduino/hardware/tools/avr/bin/../lib/gcc/avr/4.9.2/../../../../avr/lib/avr5\libm.a(cmpsf2.o)
 .text          0x00000ad6        0x0 c:/progra~2/arduino/hardware/tools/avr/bin/../lib/gcc/avr/4.9.2/../../../../avr/lib/avr5\libm.a(divsf3.o)
 .text          0x00000ad6        0x0 c:/progra~2/arduino/hardware/tools/avr/bin/../lib/gcc/avr/4.9.2/../../../../avr/lib/avr5\libm.a(divsf3x.o)
 .text          0x00000ad6        0x0 c:/progra~2/arduino/hardware/tools/avr/bin/../lib/gcc/avr/4.9.2/../../../../avr/lib/avr5\libm.a(fixunssfsi.o)
 .text          0x00000ad6        0x0 c:/progra~2/arduino/hardware/tools/avr/bin/../lib/gcc/avr/4.9.2/../../../../avr/lib/avr5\libm.a(floatsisf.o)
 .text          0x00000ad6        0x0 c:/progra~2/arduino/hardware/tools/avr/bin/../lib/gcc/avr/4.9.2/../../../../avr/lib/avr5\libm.a(floor.o)
 .text          0x00000ad6        0x0 c:/progra~2/arduino/hardware/tools/avr/bin/../lib/gcc/avr/4.9.2/../../../../avr/lib/avr5\libm.a(fp_cmp.o)
 .text          0x00000ad6        0x0 c:/progra~2/arduino/hardware/tools/avr/bin/../lib/gcc/avr/4.9.2/../../../../avr/lib/avr5\libm.a(fp_inf.o)
 .text          0x00000ad6        0x0 c:/progra~2/arduino/hardware/tools/avr/bin/../lib/gcc/avr/4.9.2/../../../../avr/lib/avr5\libm.a(fp_mintl.o)
 .text          0x00000ad6        0x0 c:/progra~2/arduino/hardware/tools/avr/bin/../lib/gcc/avr/4.9.2/../../../../avr/lib/avr5\libm.a(fp_mpack.o)
 .text          0x00000ad6        0x0 c:/progra~2/arduino/hardware/tools/avr/bin/../lib/gcc/avr/4.9.2/../../../../avr/lib/avr5\libm.a(fp_nan.o)
 .text          0x00000ad6        0x0 c:/progra~2/arduino/hardware/tools/avr/bin/../lib/gcc/avr/4.9.2/../../../../avr/lib/avr5\libm.a(fp_pscA.o)
 .text          0x00000ad6        0x0 c:/progra~2/arduino/hardware/tools/avr/bin/../lib/gcc/avr/4.9.2/../../../../avr/lib/avr5\libm.a(fp_pscB.o)
 .text          0x00000ad6        0x0 c:/progra~2/arduino/hardware/tools/avr/bin/../lib/gcc/avr/4.9.2/../../../../avr/lib/avr5\libm.a(fp_round.o)
 .text          0x00000ad6        0x0 c:/progra~2/arduino/hardware/tools/avr/bin/../lib/gcc/avr/4.9.2/../../../../avr/lib/avr5\libm.a(fp_split3.o)
 .text          0x00000ad6        0x0 c:/progra~2/arduino/hardware/tools/avr/bin/../lib/gcc/avr/4.9.2/../../../../avr/lib/avr5\libm.a(fp_trunc.o)
 .text          0x00000ad6        0x0 c:/progra~2/arduino/hardware/tools/avr/bin/../lib/gcc/avr/4.9.2/../../../../avr/lib/avr5\libm.a(fp_zero.o)
 .text          0x00000ad6        0x0 c:/progra~2/arduino/hardware/tools/avr/bin/../lib/gcc/avr/4.9.2/../../../../avr/lib/avr5\libm.a(gesf2.o)
 .text          0x00000ad6        0x0 c:/progra~2/arduino/hardware/tools/avr/bin/../lib/gcc/avr/4.9.2/../../../../avr/lib/avr5\libm.a(mulsf3.o)
 .text          0x00000ad6        0x0 c:/progra~2/arduino/hardware/tools/avr/bin/../lib/gcc/avr/4.9.2/../../../../avr/lib/avr5\libm.a(mulsf3x.o)
 .text          0x00000ad6        0x0 c:/progra~2/arduino/hardware/tools/avr/bin/../lib/gcc/avr/4.9.2/../../../../avr/lib/avr5\libm.a(pow.o)
 .text          0x00000ad6        0x0 c:/progra~2/arduino/hardware/tools/avr/bin/../lib/gcc/avr/4.9.2/../../../../avr/lib/avr5\libm.a(unordsf2.o)
 .text          0x00000ad6        0x0 c:/progra~2/arduino/hardware/tools/avr/bin/../lib/gcc/avr/4.9.2/../../../../avr/lib/avr5\libm.a(exp.o)
 .text          0x00000ad6        0x0 c:/progra~2/arduino/hardware/tools/avr/bin/../lib/gcc/avr/4.9.2/../../../../avr/lib/avr5\libm.a(fp_powser.o)
 .text          0x00000ad6        0x0 c:/progra~2/arduino/hardware/tools/avr/bin/../lib/gcc/avr/4.9.2/../../../../avr/lib/avr5\libm.a(inverse.o)
 .text          0x00000ad6        0x0 c:/progra~2/arduino/hardware/tools/avr/bin/../lib/gcc/avr/4.9.2/../../../../avr/lib/avr5\libm.a(ldexp.o)
 .text          0x00000ad6        0x0 c:/progra~2/arduino/hardware/tools/avr/bin/../lib/gcc/avr/4.9.2/../../../../avr/lib/avr5\libm.a(log.o)
 .text          0x00000ad6        0x0 c:/progra~2/arduino/hardware/tools/avr/bin/../lib/gcc/avr/4.9.2/../../../../avr/lib/avr5\libm.a(modf.o)
 .text          0x00000ad6        0x0 c:/progra~2/arduino/hardware/tools/avr/bin/../lib/gcc/avr/4.9.2/avr5\libgcc.a(_udivmodhi4.o)
 .text          0x00000ad6        0x0 c:/progra~2/arduino/hardware/tools/avr/bin/../lib/gcc/avr/4.9.2/avr5\libgcc.a(_udivmodsi4.o)
 .text          0x00000ad6        0x0 c:/progra~2/arduino/hardware/tools/avr/bin/../lib/gcc/avr/4.9.2/avr5\libgcc.a(_exit.o)
 .text          0x00000ad6        0x0 c:/progra~2/arduino/hardware/tools/avr/bin/../lib/gcc/avr/4.9.2/avr5\libgcc.a(_copy_data.o)
 .text          0x00000ad6        0x0 c:/progra~2/arduino/hardware/tools/avr/bin/../lib/gcc/avr/4.9.2/avr5\libgcc.a(_clear_bss.o)
 .text          0x00000ad6        0x0 c:/progra~2/arduino/hardware/tools/avr/bin/../lib/gcc/avr/4.9.2/avr5\libgcc.a(_ctors.o)
 .text          0x00000ad6        0x0 c:/progra~2/arduino/hardware/tools/avr/bin/../lib/gcc/avr/4.9.2/avr5\libgcc.a(_dtors.o)
 .text          0x00000ad6        0x0 c:/progra~2/arduino/hardware/tools/avr/bin/../lib/gcc/avr/4.9.2/avr5\libgcc.a(_tablejump2.o)
 .text          0x00000ad6        0x0 c:/progra~2/arduino/hardware/tools/avr/bin/../lib/gcc/avr/4.9.2/../../../../avr/lib/avr5\libc.a(malloc.o)
 .text          0x00000ad6        0x0 c:/progra~2/arduino/hardware/tools/avr/bin/../lib/gcc/avr/4.9.2/../../../../avr/lib/avr5\libc.a(abort.o)
                0x00000ad6                . = ALIGN (0x2)
 *(.text.*)
 .text._ZNK24ServoShieldPCA9685Linear3getEPPf
                0x00000ad6      0x1de bin/gris5A.o
                0x00000ad6                _ZNK24ServoShieldPCA9685Linear3getEPPf
 .text._ZNK16prfServoImplBaseIjfE3getEPPf
                0x00000cb4        0x2 bin/gris5A.o
                0x00000cb4                _ZNK16prfServoImplBaseIjfE3getEPPf
 .text._ZN16prfServoImplBaseIjfE3endEv
                0x00000cb6        0x2 bin/gris5A.o
                0x00000cb6                _ZN16prfServoImplBaseIjfE3endEv
 .text._ZN16prfServoImplBaseIjfE3putEPPf
                0x00000cb8        0x2 bin/gris5A.o
                0x00000cb8                _ZN16prfServoImplBaseIjfE3putEPPf
 .text._ZL20ManualMotion_initialP12ManualMotion
                0x00000cba       0x26 bin/gris5A.o
 .text._ZL25ManualMotion_ManualMotionP12ManualMotion
                0x00000ce0      0x56a bin/gris5A.o
 .text._ZL19UserProgram_initialP11UserProgram
                0x0000124a       0x30 bin/gris5A.o
 .text._ZL14PreSet_initialP6PreSet
                0x0000127a       0x30 bin/gris5A.o
 .text._ZN24ServoShieldPCA9685Linear5writeEhj
                0x000012aa       0x30 bin/gris5A.o
                0x000012aa                _ZN24ServoShieldPCA9685Linear5writeEhj
 .text._ZN24ServoShieldPCA9685Linear5beginEv
                0x000012da       0x36 bin/gris5A.o
                0x000012da                _ZN24ServoShieldPCA9685Linear5beginEv
 .text._ZL14DKbOut_initialP6DKbOut
                0x00001310       0x3a bin/gris5A.o
 .text._ZL13DKbIn_initialP5DKbIn
                0x0000134a       0x48 bin/gris5A.o
 .text._ZL18UserProgram_RecordP11UserProgram
                0x00001392      0x4dc bin/gris5A.o
 .text._ZL22DKbOut_ManualMotionLEDP6DKbOut
                0x0000186e       0x5a bin/gris5A.o
 .text._ZL27DKbOut_UserProgramRecordLEDP6DKbOut
                0x000018c8       0x66 bin/gris5A.o
 .text._ZL25DKbOut_UserProgramPlayLEDP6DKbOut
                0x0000192e       0x66 bin/gris5A.o
 .text._ZL16DKbOut_PreSetLEDP6DKbOut
                0x00001994       0x5a bin/gris5A.o
 .text._ZL16UserProgram_IdleP11UserProgram
                0x000019ee       0x4a bin/gris5A.o
 .text._ZL11PreSet_IdleP6PreSet
                0x00001a38       0x34 bin/gris5A.o
 .text._ZL17ManualMotion_IdleP12ManualMotion
                0x00001a6c       0x34 bin/gris5A.o
 .text._ZL21PreSet_WaitForProgramP6PreSet
                0x00001aa0       0xca bin/gris5A.o
 .text._ZL14DKbIn_DispatchP5DKbIn
                0x00001b6a      0x3ce bin/gris5A.o
 .text._ZL16UserProgram_PlayP11UserProgram
                0x00001f38       0xd4 bin/gris5A.o
 .text._ZL17PreSet_RunProgramP6PreSet
                0x0000200c     0x2200 bin/gris5A.o
 .text.setup    0x0000420c       0x78 bin/gris5A.o
                0x0000420c                setup
 .text.loop     0x00004284        0x4 bin/gris5A.o
                0x00004284                loop
 .text.__vector_7
                0x00004288       0x4a bin/gris5A.o
                0x00004288                __vector_7
 .text.QF_onStartup
                0x000042d2       0x26 bin/gris5A.o
                0x000042d2                QF_onStartup
 .text.QV_onIdle
                0x000042f8        0xc bin/gris5A.o
                0x000042f8                QV_onIdle
 .text.Q_onAssert
                0x00004304        0x8 bin/gris5A.o
                0x00004304                Q_onAssert
 .text._ZN8prfServoImhjfE5beginEv
                0x0000430c       0xe4 bin/gris5A.o
                0x0000430c                _ZN8prfServoImhjfE5beginEv
 .text._ZL17MotorsOut_initialP9MotorsOut
                0x000043f0       0x38 bin/gris5A.o
 .text._ZN8prfServoImhjfE5writeEhh
                0x00004428      0x296 bin/gris5A.o
                0x00004428                _ZN8prfServoImhjfE5writeEhh
 .text._ZL14MotorsOut_WaitP9MotorsOut
                0x000046be       0x7c bin/gris5A.o
 .text._ZL16MotorsOut_ActiveP9MotorsOut
                0x0000473a      0x1ee bin/gris5A.o
 .text.startup._GLOBAL__sub_I_impl
                0x00004928       0x38 bin/gris5A.o
 .text.exit._GLOBAL__sub_D_impl
                0x00004960       0x4e bin/gris5A.o
 .text._ZL10DKbIn_ReadP5DKbIn
                0x000049ae      0x386 bin/gris5A.o
 .text._ZN14HardwareSerial9availableEv
                0x00004d34       0x18 lib/arduino.a(HardwareSerial.o)
                0x00004d34                _ZN14HardwareSerial9availableEv
 .text._ZN14HardwareSerial4peekEv
                0x00004d4c       0x1c lib/arduino.a(HardwareSerial.o)
                0x00004d4c                _ZN14HardwareSerial4peekEv
 .text._ZN14HardwareSerial4readEv
                0x00004d68       0x28 lib/arduino.a(HardwareSerial.o)
                0x00004d68                _ZN14HardwareSerial4readEv
 .text._Z14serialEventRunv
                0x00004d90       0x1c lib/arduino.a(HardwareSerial.o)
                0x00004d90                _Z14serialEventRunv
 .text._ZN14HardwareSerial17_tx_udr_empty_irqEv
                0x00004dac       0x42 lib/arduino.a(HardwareSerial.o)
                0x00004dac                _ZN14HardwareSerial17_tx_udr_empty_irqEv
 .text._ZN14HardwareSerial5flushEv
                0x00004dee       0x44 lib/arduino.a(HardwareSerial.o)
                0x00004dee                _ZN14HardwareSerial5flushEv
 .text._ZN14HardwareSerial5writeEh
                0x00004e32       0x8e lib/arduino.a(HardwareSerial.o)
                0x00004e32                _ZN14HardwareSerial5writeEh
 .text._ZN14HardwareSerial5beginEmh
                0x00004ec0       0xca lib/arduino.a(HardwareSerial.o)
                0x00004ec0                _ZN14HardwareSerial5beginEmh
 .text._ZN14HardwareSerial3endEv
                0x00004f8a       0x44 lib/arduino.a(HardwareSerial.o)
                0x00004f8a                _ZN14HardwareSerial3endEv
 .text._ZN14HardwareSerial17availableForWriteEv
                0x00004fce       0x1e lib/arduino.a(HardwareSerial.o)
                0x00004fce                _ZN14HardwareSerial17availableForWriteEv
 .text.__vector_18
                0x00004fec       0x64 lib/arduino.a(HardwareSerial0.o)
                0x00004fec                __vector_18
 .text.__vector_19
                0x00005050       0x4c lib/arduino.a(HardwareSerial0.o)
                0x00005050                __vector_19
 .text._Z17Serial0_availablev
                0x0000509c       0x14 lib/arduino.a(HardwareSerial0.o)
                0x0000509c                _Z17Serial0_availablev
 .text.startup._GLOBAL__sub_I___vector_18
                0x000050b0       0x5a lib/arduino.a(HardwareSerial0.o)
 .text.atexit   0x0000510a        0x6 lib/arduino.a(main.o)
                0x0000510a                atexit
 .text.initVariant
                0x00005110        0x2 lib/arduino.a(main.o)
                0x00005110                initVariant
 .text._Z8setupUSBv
                0x00005112        0x2 lib/arduino.a(main.o)
                0x00005112                _Z8setupUSBv
 .text.startup.main
                0x00005114       0x1e lib/arduino.a(main.o)
                0x00005114                main
 .text._Znwj    0x00005132        0x4 lib/arduino.a(new.o)
                0x00005132                _Znwj
 .text._Znaj    0x00005136        0x4 lib/arduino.a(new.o)
                0x00005136                _Znaj
 .text._ZdlPv   0x0000513a        0x4 lib/arduino.a(new.o)
                0x0000513a                _ZdlPv
 .text._ZdaPv   0x0000513e        0x4 lib/arduino.a(new.o)
                0x0000513e                _ZdaPv
 .text._ZN5Print5writeEPKhj
                0x00005142       0x56 lib/arduino.a(Print.o)
                0x00005142                _ZN5Print5writeEPKhj
 .text._ZN5Print5writeEPKc
                0x00005198       0x2a lib/arduino.a(Print.o)
                0x00005198                _ZN5Print5writeEPKc
 .text._ZN5Print5printEPK19__FlashStringHelper
                0x000051c2       0x48 lib/arduino.a(Print.o)
                0x000051c2                _ZN5Print5printEPK19__FlashStringHelper
 .text._ZN5Print5printERK6String
                0x0000520a       0x1c lib/arduino.a(Print.o)
                0x0000520a                _ZN5Print5printERK6String
 .text._ZN5Print5printEPKc
                0x00005226        0x4 lib/arduino.a(Print.o)
                0x00005226                _ZN5Print5printEPKc
 .text._ZN5Print5printEc
                0x0000522a        0xe lib/arduino.a(Print.o)
                0x0000522a                _ZN5Print5printEc
 .text._ZN5Print5printERK9Printable
                0x00005238       0x14 lib/arduino.a(Print.o)
                0x00005238                _ZN5Print5printERK9Printable
 .text._ZN5Print7printlnEv
                0x0000524c        0x8 lib/arduino.a(Print.o)
                0x0000524c                _ZN5Print7printlnEv
 .text._ZN5Print7printlnEPK19__FlashStringHelper
                0x00005254       0x24 lib/arduino.a(Print.o)
                0x00005254                _ZN5Print7printlnEPK19__FlashStringHelper
 .text._ZN5Print7printlnERK6String
                0x00005278       0x24 lib/arduino.a(Print.o)
                0x00005278                _ZN5Print7printlnERK6String
 .text._ZN5Print7printlnEPKc
                0x0000529c       0x24 lib/arduino.a(Print.o)
                0x0000529c                _ZN5Print7printlnEPKc
 .text._ZN5Print7printlnEc
                0x000052c0       0x24 lib/arduino.a(Print.o)
                0x000052c0                _ZN5Print7printlnEc
 .text._ZN5Print7printlnERK9Printable
                0x000052e4       0x24 lib/arduino.a(Print.o)
                0x000052e4                _ZN5Print7printlnERK9Printable
 .text._ZN5Print11printNumberEmh
                0x00005308       0x92 lib/arduino.a(Print.o)
                0x00005308                _ZN5Print11printNumberEmh
 .text._ZN5Print5printEli
                0x0000539a       0x94 lib/arduino.a(Print.o)
                0x0000539a                _ZN5Print5printEli
 .text._ZN5Print5printEii
                0x0000542e        0xe lib/arduino.a(Print.o)
                0x0000542e                _ZN5Print5printEii
 .text._ZN5Print7printlnEii
                0x0000543c       0x2e lib/arduino.a(Print.o)
                0x0000543c                _ZN5Print7printlnEii
 .text._ZN5Print7printlnEli
                0x0000546a       0x24 lib/arduino.a(Print.o)
                0x0000546a                _ZN5Print7printlnEli
 .text._ZN5Print5printEmi
                0x0000548e       0x1a lib/arduino.a(Print.o)
                0x0000548e                _ZN5Print5printEmi
 .text._ZN5Print5printEhi
                0x000054a8        0xe lib/arduino.a(Print.o)
                0x000054a8                _ZN5Print5printEhi
 .text._ZN5Print7printlnEhi
                0x000054b6       0x2e lib/arduino.a(Print.o)
                0x000054b6                _ZN5Print7printlnEhi
 .text._ZN5Print5printEji
                0x000054e4        0xc lib/arduino.a(Print.o)
                0x000054e4                _ZN5Print5printEji
 .text._ZN5Print7printlnEji
                0x000054f0       0x2c lib/arduino.a(Print.o)
                0x000054f0                _ZN5Print7printlnEji
 .text._ZN5Print7printlnEmi
                0x0000551c       0x24 lib/arduino.a(Print.o)
                0x0000551c                _ZN5Print7printlnEmi
 .text._ZN5Print10printFloatEdh
                0x00005540      0x1c4 lib/arduino.a(Print.o)
                0x00005540                _ZN5Print10printFloatEdh
 .text._ZN5Print5printEdi
                0x00005704        0x4 lib/arduino.a(Print.o)
                0x00005704                _ZN5Print5printEdi
 .text._ZN5Print7printlnEdi
                0x00005708       0x24 lib/arduino.a(Print.o)
                0x00005708                _ZN5Print7printlnEdi
 .text.__vector_16
                0x0000572c       0x94 lib/arduino.a(wiring.o)
                0x0000572c                __vector_16
 .text.millis   0x000057c0       0x18 lib/arduino.a(wiring.o)
                0x000057c0                millis
 .text.micros   0x000057d8       0x4a lib/arduino.a(wiring.o)
                0x000057d8                micros
 .text.delay    0x00005822       0x78 lib/arduino.a(wiring.o)
                0x00005822                delay
 .text.delayMicroseconds
                0x0000589a       0x16 lib/arduino.a(wiring.o)
                0x0000589a                delayMicroseconds
 .text.init     0x000058b0       0x76 lib/arduino.a(wiring.o)
                0x000058b0                init
 .text.turnOffPWM
                0x00005926       0x52 lib/arduino.a(wiring_digital.o)
 .text.pinMode  0x00005978       0x78 lib/arduino.a(wiring_digital.o)
                0x00005978                pinMode
 .text.digitalWrite
                0x000059f0       0x60 lib/arduino.a(wiring_digital.o)
                0x000059f0                digitalWrite
 .text.digitalRead
                0x00005a50       0x52 lib/arduino.a(wiring_digital.o)
                0x00005a50                digitalRead
 .text.shiftIn  0x00005aa2       0x76 lib/arduino.a(wiring_shift.o)
                0x00005aa2                shiftIn
 .text.shiftOut
                0x00005b18       0x76 lib/arduino.a(wiring_shift.o)
                0x00005b18                shiftOut
 .text.__cxa_pure_virtual
                0x00005b8e        0x4 lib/arduino.a(abi.o)
                0x00005b8e                __cxa_pure_virtual
 .text.__cxa_deleted_virtual
                0x00005b92        0x4 lib/arduino.a(abi.o)
                0x00005b92                __cxa_deleted_virtual
 .text.__empty  0x00005b96        0x2 lib/arduino.a(hooks.o)
                0x00005b96                yield
 .text.QHsm_top
                0x00005b98        0x4 lib/qpn_avr.a(qepn.o)
                0x00005b98                QHsm_top
 .text.QHsm_init_
                0x00005b9c      0x15c lib/qpn_avr.a(qepn.o)
                0x00005b9c                QHsm_init_
 .text.QHsm_dispatch_
                0x00005cf8      0x364 lib/qpn_avr.a(qepn.o)
                0x00005cf8                QHsm_dispatch_
 .text.QHsm_ctor
                0x0000605c       0x18 lib/qpn_avr.a(qepn.o)
                0x0000605c                QHsm_ctor
 .text.QHsm_childState_
                0x00006074       0x66 lib/qpn_avr.a(qepn.o)
                0x00006074                QHsm_childState_
 .text.QActive_postX_
                0x000060da      0x100 lib/qpn_avr.a(qfn.o)
                0x000060da                QActive_postX_
 .text.QActive_postXISR_
                0x000061da       0xfc lib/qpn_avr.a(qfn.o)
                0x000061da                QActive_postXISR_
 .text.QActive_ctor
                0x000062d6       0x18 lib/qpn_avr.a(qfn.o)
                0x000062d6                QActive_ctor
 .text.QF_init  0x000062ee       0x6e lib/qpn_avr.a(qfn.o)
                0x000062ee                QF_init
 .text.QF_tickXISR
                0x0000635c       0x90 lib/qpn_avr.a(qfn.o)
                0x0000635c                QF_tickXISR
 .text.QActive_armX
                0x000063ec       0x1a lib/qpn_avr.a(qfn.o)
                0x000063ec                QActive_armX
 .text.QActive_disarmX
                0x00006406       0x1a lib/qpn_avr.a(qfn.o)
                0x00006406                QActive_disarmX
 .text.QF_run   0x00006420      0x17c lib/qpn_avr.a(qvn.o)
                0x00006420                QF_run
 .text._ZN7TwoWire5writeEj
                0x0000659c        0xe lib/gris5Alib.a(_Adafruit_PWMServoDriver.o)
                0x0000659c                _ZN7TwoWire5writeEj
 .text._ZN23Adafruit_PWMServoDriverC2Eh
                0x000065aa        0xe lib/gris5Alib.a(_Adafruit_PWMServoDriver.o)
                0x000065aa                _ZN23Adafruit_PWMServoDriverC1Eh
                0x000065aa                _ZN23Adafruit_PWMServoDriverC2Eh
 .text._ZN23Adafruit_PWMServoDriverC2EP7TwoWireh
                0x000065b8        0xa lib/gris5Alib.a(_Adafruit_PWMServoDriver.o)
                0x000065b8                _ZN23Adafruit_PWMServoDriverC2EP7TwoWireh
                0x000065b8                _ZN23Adafruit_PWMServoDriverC1EP7TwoWireh
 .text._ZN23Adafruit_PWMServoDriver6setPWMEhjj
                0x000065c2       0xb6 lib/gris5Alib.a(_Adafruit_PWMServoDriver.o)
                0x000065c2                _ZN23Adafruit_PWMServoDriver6setPWMEhjj
 .text._ZN23Adafruit_PWMServoDriver6setPinEhjb
                0x00006678       0x4c lib/gris5Alib.a(_Adafruit_PWMServoDriver.o)
                0x00006678                _ZN23Adafruit_PWMServoDriver6setPinEhjb
 .text._ZN23Adafruit_PWMServoDriver5read8Eh
                0x000066c4       0x56 lib/gris5Alib.a(_Adafruit_PWMServoDriver.o)
                0x000066c4                _ZN23Adafruit_PWMServoDriver5read8Eh
 .text._ZN23Adafruit_PWMServoDriver6write8Ehh
                0x0000671a       0x6a lib/gris5Alib.a(_Adafruit_PWMServoDriver.o)
                0x0000671a                _ZN23Adafruit_PWMServoDriver6write8Ehh
 .text._ZN23Adafruit_PWMServoDriver5resetEv
                0x00006784       0x14 lib/gris5Alib.a(_Adafruit_PWMServoDriver.o)
                0x00006784                _ZN23Adafruit_PWMServoDriver5resetEv
 .text._ZN23Adafruit_PWMServoDriver5beginEv
                0x00006798       0x18 lib/gris5Alib.a(_Adafruit_PWMServoDriver.o)
                0x00006798                _ZN23Adafruit_PWMServoDriver5beginEv
 .text._ZN23Adafruit_PWMServoDriver8setPWMOnEv
                0x000067b0        0x8 lib/gris5Alib.a(_Adafruit_PWMServoDriver.o)
                0x000067b0                _ZN23Adafruit_PWMServoDriver8setPWMOnEv
 .text._ZN23Adafruit_PWMServoDriver9setPWMOffEv
                0x000067b8        0x8 lib/gris5Alib.a(_Adafruit_PWMServoDriver.o)
                0x000067b8                _ZN23Adafruit_PWMServoDriver9setPWMOffEv
 .text._ZN23Adafruit_PWMServoDriver10setPWMFreqEf
                0x000067c0       0xaa lib/gris5Alib.a(_Adafruit_PWMServoDriver.o)
                0x000067c0                _ZN23Adafruit_PWMServoDriver10setPWMFreqEf
 .text._ZN7TwoWire9availableEv
                0x0000686a       0x10 lib/gris5Alib.a(_Wire.o)
                0x0000686a                _ZN7TwoWire9availableEv
 .text._ZN7TwoWire4readEv
                0x0000687a       0x28 lib/gris5Alib.a(_Wire.o)
                0x0000687a                _ZN7TwoWire4readEv
 .text._ZN7TwoWire4peekEv
                0x000068a2       0x1e lib/gris5Alib.a(_Wire.o)
                0x000068a2                _ZN7TwoWire4peekEv
 .text._ZN7TwoWire5flushEv
                0x000068c0        0x2 lib/gris5Alib.a(_Wire.o)
                0x000068c0                _ZN7TwoWire5flushEv
 .text._ZN7TwoWire16onReceiveServiceEPhi
                0x000068c2       0x48 lib/gris5Alib.a(_Wire.o)
                0x000068c2                _ZN7TwoWire16onReceiveServiceEPhi
 .text._ZN7TwoWire16onRequestServiceEv
                0x0000690a       0x18 lib/gris5Alib.a(_Wire.o)
                0x0000690a                _ZN7TwoWire16onRequestServiceEv
 .text._ZN7TwoWire5writeEPKhj
                0x00006922       0x60 lib/gris5Alib.a(_Wire.o)
                0x00006922                _ZN7TwoWire5writeEPKhj
 .text._ZN7TwoWire5writeEh
                0x00006982       0x5e lib/gris5Alib.a(_Wire.o)
                0x00006982                _ZN7TwoWire5writeEh
 .text._ZN7TwoWireC2Ev
                0x000069e0       0x20 lib/gris5Alib.a(_Wire.o)
                0x000069e0                _ZN7TwoWireC1Ev
                0x000069e0                _ZN7TwoWireC2Ev
 .text._ZN7TwoWire5beginEv
                0x00006a00       0x14 lib/gris5Alib.a(_Wire.o)
                0x00006a00                _ZN7TwoWire5beginEv
 .text._ZN7TwoWire5beginEh
                0x00006a14       0x26 lib/gris5Alib.a(_Wire.o)
                0x00006a14                _ZN7TwoWire5beginEh
 .text._ZN7TwoWire5beginEi
                0x00006a3a        0x4 lib/gris5Alib.a(_Wire.o)
                0x00006a3a                _ZN7TwoWire5beginEi
 .text._ZN7TwoWire3endEv
                0x00006a3e        0x4 lib/gris5Alib.a(_Wire.o)
                0x00006a3e                _ZN7TwoWire3endEv
 .text._ZN7TwoWire8setClockEm
                0x00006a42        0x8 lib/gris5Alib.a(_Wire.o)
                0x00006a42                _ZN7TwoWire8setClockEm
 .text._ZN7TwoWire17beginTransmissionEh
                0x00006a4a       0x14 lib/gris5Alib.a(_Wire.o)
                0x00006a4a                _ZN7TwoWire17beginTransmissionEh
 .text._ZN7TwoWire17beginTransmissionEi
                0x00006a5e        0x4 lib/gris5Alib.a(_Wire.o)
                0x00006a5e                _ZN7TwoWire17beginTransmissionEi
 .text._ZN7TwoWire15endTransmissionEh
                0x00006a62       0x26 lib/gris5Alib.a(_Wire.o)
                0x00006a62                _ZN7TwoWire15endTransmissionEh
 .text._ZN7TwoWire11requestFromEhhmhh
                0x00006a88       0xa8 lib/gris5Alib.a(_Wire.o)
                0x00006a88                _ZN7TwoWire11requestFromEhhmhh
 .text._ZN7TwoWire11requestFromEhhh
                0x00006b30       0x20 lib/gris5Alib.a(_Wire.o)
                0x00006b30                _ZN7TwoWire11requestFromEhhh
 .text._ZN7TwoWire11requestFromEhh
                0x00006b50        0x6 lib/gris5Alib.a(_Wire.o)
                0x00006b50                _ZN7TwoWire11requestFromEhh
 .text._ZN7TwoWire11requestFromEii
                0x00006b56        0x6 lib/gris5Alib.a(_Wire.o)
                0x00006b56                _ZN7TwoWire11requestFromEii
 .text._ZN7TwoWire11requestFromEiii
                0x00006b5c        0x4 lib/gris5Alib.a(_Wire.o)
                0x00006b5c                _ZN7TwoWire11requestFromEiii
 .text._ZN7TwoWire15endTransmissionEv
                0x00006b60        0x6 lib/gris5Alib.a(_Wire.o)
                0x00006b60                _ZN7TwoWire15endTransmissionEv
 .text._ZN7TwoWire9onReceiveEPFviE
                0x00006b66        0xa lib/gris5Alib.a(_Wire.o)
                0x00006b66                _ZN7TwoWire9onReceiveEPFviE
 .text._ZN7TwoWire9onRequestEPFvvE
                0x00006b70        0xa lib/gris5Alib.a(_Wire.o)
                0x00006b70                _ZN7TwoWire9onRequestEPFvvE
 .text.startup._GLOBAL__sub_I__ZN7TwoWire8rxBufferE
                0x00006b7a        0x8 lib/gris5Alib.a(_Wire.o)
 .text.twi_init
                0x00006b82       0x3c lib/gris5Alib.a(_twi.o)
                0x00006b82                twi_init
 .text.twi_disable
                0x00006bbe       0x1a lib/gris5Alib.a(_twi.o)
                0x00006bbe                twi_disable
 .text.twi_setAddress
                0x00006bd8        0x8 lib/gris5Alib.a(_twi.o)
                0x00006bd8                twi_setAddress
 .text.twi_setFrequency
                0x00006be0       0x28 lib/gris5Alib.a(_twi.o)
                0x00006be0                twi_setFrequency
 .text.twi_readFrom
                0x00006c08       0x90 lib/gris5Alib.a(_twi.o)
                0x00006c08                twi_readFrom
 .text.twi_writeTo
                0x00006c98       0xac lib/gris5Alib.a(_twi.o)
                0x00006c98                twi_writeTo
 .text.twi_transmit
                0x00006d44       0x50 lib/gris5Alib.a(_twi.o)
                0x00006d44                twi_transmit
 .text.twi_attachSlaveRxEvent
                0x00006d94        0xa lib/gris5Alib.a(_twi.o)
                0x00006d94                twi_attachSlaveRxEvent
 .text.twi_attachSlaveTxEvent
                0x00006d9e        0xa lib/gris5Alib.a(_twi.o)
                0x00006d9e                twi_attachSlaveTxEvent
 .text.twi_reply
                0x00006da8       0x10 lib/gris5Alib.a(_twi.o)
                0x00006da8                twi_reply
 .text.twi_stop
                0x00006db8       0x14 lib/gris5Alib.a(_twi.o)
                0x00006db8                twi_stop
 .text.twi_releaseBus
                0x00006dcc        0xc lib/gris5Alib.a(_twi.o)
                0x00006dcc                twi_releaseBus
 .text.__vector_24
                0x00006dd8      0x25a lib/gris5Alib.a(_twi.o)
                0x00006dd8                __vector_24
 .text.avr-libc.fplib
                0x00007032        0xe c:/progra~2/arduino/hardware/tools/avr/bin/../lib/gcc/avr/4.9.2/../../../../avr/lib/avr5\libm.a(addsf3.o)
                0x00007032                __subsf3
                0x00007034                __addsf3
 .text.avr-libc.fplib
                0x00007040       0xcc c:/progra~2/arduino/hardware/tools/avr/bin/../lib/gcc/avr/4.9.2/../../../../avr/lib/avr5\libm.a(addsf3x.o)
                0x00007062                __addsf3x
 .text.avr-libc.fplib
                0x0000710c        0xa c:/progra~2/arduino/hardware/tools/avr/bin/../lib/gcc/avr/4.9.2/../../../../avr/lib/avr5\libm.a(cmpsf2.o)
                0x0000710c                __nesf2
                0x0000710c                __eqsf2
                0x0000710c                __cmpsf2
                0x0000710c                __ltsf2
                0x0000710c                __lesf2
 .text.avr-libc.fplib
                0x00007116        0x8 c:/progra~2/arduino/hardware/tools/avr/bin/../lib/gcc/avr/4.9.2/../../../../avr/lib/avr5\libm.a(divsf3.o)
                0x00007116                __divsf3
 .text.avr-libc.fplib
                0x0000711e       0xdc c:/progra~2/arduino/hardware/tools/avr/bin/../lib/gcc/avr/4.9.2/../../../../avr/lib/avr5\libm.a(divsf3x.o)
                0x0000713e                __divsf3x
                0x00007144                __divsf3_pse
 .text.avr-libc.fplib
                0x000071fa       0x5e c:/progra~2/arduino/hardware/tools/avr/bin/../lib/gcc/avr/4.9.2/../../../../avr/lib/avr5\libm.a(fixunssfsi.o)
                0x000071fa                __fixunssfsi
 .text.avr-libc.fplib
                0x00007258       0x7a c:/progra~2/arduino/hardware/tools/avr/bin/../lib/gcc/avr/4.9.2/../../../../avr/lib/avr5\libm.a(floatsisf.o)
                0x00007258                __floatunsisf
                0x0000725c                __floatsisf
 .text.avr-libc.fplib
                0x000072d2       0x2e c:/progra~2/arduino/hardware/tools/avr/bin/../lib/gcc/avr/4.9.2/../../../../avr/lib/avr5\libm.a(floor.o)
                0x000072d2                floor
 .text.avr-libc.fplib
                0x00007300       0x48 c:/progra~2/arduino/hardware/tools/avr/bin/../lib/gcc/avr/4.9.2/../../../../avr/lib/avr5\libm.a(fp_cmp.o)
                0x00007300                __fp_cmp
 .text.avr-libc.fplib
                0x00007348        0xc c:/progra~2/arduino/hardware/tools/avr/bin/../lib/gcc/avr/4.9.2/../../../../avr/lib/avr5\libm.a(fp_inf.o)
                0x00007348                __fp_inf
 .text.avr-libc.fplib
                0x00007354       0x36 c:/progra~2/arduino/hardware/tools/avr/bin/../lib/gcc/avr/4.9.2/../../../../avr/lib/avr5\libm.a(fp_mintl.o)
                0x00007354                __fp_mintl
 .text.avr-libc.fplib
                0x0000738a       0x1c c:/progra~2/arduino/hardware/tools/avr/bin/../lib/gcc/avr/4.9.2/../../../../avr/lib/avr5\libm.a(fp_mpack.o)
                0x0000738a                __fp_mpack
                0x0000738e                __fp_mpack_finite
 .text.avr-libc.fplib
                0x000073a6        0x6 c:/progra~2/arduino/hardware/tools/avr/bin/../lib/gcc/avr/4.9.2/../../../../avr/lib/avr5\libm.a(fp_nan.o)
                0x000073a6                __fp_nan
 .text.avr-libc.fplib
                0x000073ac        0xe c:/progra~2/arduino/hardware/tools/avr/bin/../lib/gcc/avr/4.9.2/../../../../avr/lib/avr5\libm.a(fp_pscA.o)
                0x000073ac                __fp_pscA
 .text.avr-libc.fplib
                0x000073ba        0xe c:/progra~2/arduino/hardware/tools/avr/bin/../lib/gcc/avr/4.9.2/../../../../avr/lib/avr5\libm.a(fp_pscB.o)
                0x000073ba                __fp_pscB
 .text.avr-libc.fplib
                0x000073c8       0x22 c:/progra~2/arduino/hardware/tools/avr/bin/../lib/gcc/avr/4.9.2/../../../../avr/lib/avr5\libm.a(fp_round.o)
                0x000073c8                __fp_round
 .text.avr-libc.fplib
                0x000073ea       0x44 c:/progra~2/arduino/hardware/tools/avr/bin/../lib/gcc/avr/4.9.2/../../../../avr/lib/avr5\libm.a(fp_split3.o)
                0x000073ea                __fp_split3
                0x000073fa                __fp_splitA
 .text.avr-libc.fplib
                0x0000742e       0x30 c:/progra~2/arduino/hardware/tools/avr/bin/../lib/gcc/avr/4.9.2/../../../../avr/lib/avr5\libm.a(fp_trunc.o)
                0x0000742e                __fp_trunc
 .text.avr-libc.fplib
                0x0000745e        0xe c:/progra~2/arduino/hardware/tools/avr/bin/../lib/gcc/avr/4.9.2/../../../../avr/lib/avr5\libm.a(fp_zero.o)
                0x0000745e                __fp_zero
                0x00007460                __fp_szero
 .text.avr-libc.fplib
                0x0000746c        0xa c:/progra~2/arduino/hardware/tools/avr/bin/../lib/gcc/avr/4.9.2/../../../../avr/lib/avr5\libm.a(gesf2.o)
                0x0000746c                __gesf2
                0x0000746c                __gtsf2
 .text.avr-libc.fplib
                0x00007476        0x8 c:/progra~2/arduino/hardware/tools/avr/bin/../lib/gcc/avr/4.9.2/../../../../avr/lib/avr5\libm.a(mulsf3.o)
                0x00007476                __mulsf3
 .text.avr-libc.fplib
                0x0000747e       0xd2 c:/progra~2/arduino/hardware/tools/avr/bin/../lib/gcc/avr/4.9.2/../../../../avr/lib/avr5\libm.a(mulsf3x.o)
                0x0000749c                __mulsf3x
                0x000074a2                __mulsf3_pse
 .text.avr-libc.fplib
                0x00007550       0xa0 c:/progra~2/arduino/hardware/tools/avr/bin/../lib/gcc/avr/4.9.2/../../../../avr/lib/avr5\libm.a(pow.o)
                0x00007550                pow
 .text.avr-libc.fplib
                0x000075f0        0xa c:/progra~2/arduino/hardware/tools/avr/bin/../lib/gcc/avr/4.9.2/../../../../avr/lib/avr5\libm.a(unordsf2.o)
                0x000075f0                __unordsf2
 .text.avr-libc.fplib
                0x000075fa       0x74 c:/progra~2/arduino/hardware/tools/avr/bin/../lib/gcc/avr/4.9.2/../../../../avr/lib/avr5\libm.a(exp.o)
                0x0000760a                exp
 .text.avr-libc.fplib
                0x0000766e       0x4e c:/progra~2/arduino/hardware/tools/avr/bin/../lib/gcc/avr/4.9.2/../../../../avr/lib/avr5\libm.a(fp_powser.o)
                0x0000766e                __fp_powser
 .text.avr-libc.fplib
                0x000076bc       0x10 c:/progra~2/arduino/hardware/tools/avr/bin/../lib/gcc/avr/4.9.2/../../../../avr/lib/avr5\libm.a(inverse.o)
                0x000076bc                inverse
 .text.avr-libc.fplib
                0x000076cc       0x74 c:/progra~2/arduino/hardware/tools/avr/bin/../lib/gcc/avr/4.9.2/../../../../avr/lib/avr5\libm.a(ldexp.o)
                0x000076d4                ldexp
 .text.avr-libc.fplib
                0x00007740       0xa0 c:/progra~2/arduino/hardware/tools/avr/bin/../lib/gcc/avr/4.9.2/../../../../avr/lib/avr5\libm.a(log.o)
                0x00007750                log
 .text.avr-libc.fplib
                0x000077e0       0x68 c:/progra~2/arduino/hardware/tools/avr/bin/../lib/gcc/avr/4.9.2/../../../../avr/lib/avr5\libm.a(modf.o)
                0x000077e0                modf
                0x000077e0                modff
 .text.libgcc.mul
                0x00007848        0x0 c:/progra~2/arduino/hardware/tools/avr/bin/../lib/gcc/avr/4.9.2/avr5\libgcc.a(_udivmodhi4.o)
 .text.libgcc.div
                0x00007848       0x28 c:/progra~2/arduino/hardware/tools/avr/bin/../lib/gcc/avr/4.9.2/avr5\libgcc.a(_udivmodhi4.o)
                0x00007848                __udivmodhi4
 .text.libgcc   0x00007870        0x0 c:/progra~2/arduino/hardware/tools/avr/bin/../lib/gcc/avr/4.9.2/avr5\libgcc.a(_udivmodhi4.o)
 .text.libgcc.prologue
                0x00007870        0x0 c:/progra~2/arduino/hardware/tools/avr/bin/../lib/gcc/avr/4.9.2/avr5\libgcc.a(_udivmodhi4.o)
 .text.libgcc.builtins
                0x00007870        0x0 c:/progra~2/arduino/hardware/tools/avr/bin/../lib/gcc/avr/4.9.2/avr5\libgcc.a(_udivmodhi4.o)
 .text.libgcc.fmul
                0x00007870        0x0 c:/progra~2/arduino/hardware/tools/avr/bin/../lib/gcc/avr/4.9.2/avr5\libgcc.a(_udivmodhi4.o)
 .text.libgcc.fixed
                0x00007870        0x0 c:/progra~2/arduino/hardware/tools/avr/bin/../lib/gcc/avr/4.9.2/avr5\libgcc.a(_udivmodhi4.o)
 .text.libgcc.mul
                0x00007870        0x0 c:/progra~2/arduino/hardware/tools/avr/bin/../lib/gcc/avr/4.9.2/avr5\libgcc.a(_udivmodsi4.o)
 .text.libgcc.div
                0x00007870       0x44 c:/progra~2/arduino/hardware/tools/avr/bin/../lib/gcc/avr/4.9.2/avr5\libgcc.a(_udivmodsi4.o)
                0x00007870                __udivmodsi4
 .text.libgcc   0x000078b4        0x0 c:/progra~2/arduino/hardware/tools/avr/bin/../lib/gcc/avr/4.9.2/avr5\libgcc.a(_udivmodsi4.o)
 .text.libgcc.prologue
                0x000078b4        0x0 c:/progra~2/arduino/hardware/tools/avr/bin/../lib/gcc/avr/4.9.2/avr5\libgcc.a(_udivmodsi4.o)
 .text.libgcc.builtins
                0x000078b4        0x0 c:/progra~2/arduino/hardware/tools/avr/bin/../lib/gcc/avr/4.9.2/avr5\libgcc.a(_udivmodsi4.o)
 .text.libgcc.fmul
                0x000078b4        0x0 c:/progra~2/arduino/hardware/tools/avr/bin/../lib/gcc/avr/4.9.2/avr5\libgcc.a(_udivmodsi4.o)
 .text.libgcc.fixed
                0x000078b4        0x0 c:/progra~2/arduino/hardware/tools/avr/bin/../lib/gcc/avr/4.9.2/avr5\libgcc.a(_udivmodsi4.o)
 .text.libgcc.mul
                0x000078b4        0x0 c:/progra~2/arduino/hardware/tools/avr/bin/../lib/gcc/avr/4.9.2/avr5\libgcc.a(_exit.o)
 .text.libgcc.div
                0x000078b4        0x0 c:/progra~2/arduino/hardware/tools/avr/bin/../lib/gcc/avr/4.9.2/avr5\libgcc.a(_exit.o)
 .text.libgcc   0x000078b4        0x0 c:/progra~2/arduino/hardware/tools/avr/bin/../lib/gcc/avr/4.9.2/avr5\libgcc.a(_exit.o)
 .text.libgcc.prologue
                0x000078b4        0x0 c:/progra~2/arduino/hardware/tools/avr/bin/../lib/gcc/avr/4.9.2/avr5\libgcc.a(_exit.o)
 .text.libgcc.builtins
                0x000078b4        0x0 c:/progra~2/arduino/hardware/tools/avr/bin/../lib/gcc/avr/4.9.2/avr5\libgcc.a(_exit.o)
 .text.libgcc.fmul
                0x000078b4        0x0 c:/progra~2/arduino/hardware/tools/avr/bin/../lib/gcc/avr/4.9.2/avr5\libgcc.a(_exit.o)
 .text.libgcc.fixed
                0x000078b4        0x0 c:/progra~2/arduino/hardware/tools/avr/bin/../lib/gcc/avr/4.9.2/avr5\libgcc.a(_exit.o)
 .text.libgcc.mul
                0x000078b4        0x0 c:/progra~2/arduino/hardware/tools/avr/bin/../lib/gcc/avr/4.9.2/avr5\libgcc.a(_copy_data.o)
 .text.libgcc.div
                0x000078b4        0x0 c:/progra~2/arduino/hardware/tools/avr/bin/../lib/gcc/avr/4.9.2/avr5\libgcc.a(_copy_data.o)
 .text.libgcc   0x000078b4        0x0 c:/progra~2/arduino/hardware/tools/avr/bin/../lib/gcc/avr/4.9.2/avr5\libgcc.a(_copy_data.o)
 .text.libgcc.prologue
                0x000078b4        0x0 c:/progra~2/arduino/hardware/tools/avr/bin/../lib/gcc/avr/4.9.2/avr5\libgcc.a(_copy_data.o)
 .text.libgcc.builtins
                0x000078b4        0x0 c:/progra~2/arduino/hardware/tools/avr/bin/../lib/gcc/avr/4.9.2/avr5\libgcc.a(_copy_data.o)
 .text.libgcc.fmul
                0x000078b4        0x0 c:/progra~2/arduino/hardware/tools/avr/bin/../lib/gcc/avr/4.9.2/avr5\libgcc.a(_copy_data.o)
 .text.libgcc.fixed
                0x000078b4        0x0 c:/progra~2/arduino/hardware/tools/avr/bin/../lib/gcc/avr/4.9.2/avr5\libgcc.a(_copy_data.o)
 .text.libgcc.mul
                0x000078b4        0x0 c:/progra~2/arduino/hardware/tools/avr/bin/../lib/gcc/avr/4.9.2/avr5\libgcc.a(_clear_bss.o)
 .text.libgcc.div
                0x000078b4        0x0 c:/progra~2/arduino/hardware/tools/avr/bin/../lib/gcc/avr/4.9.2/avr5\libgcc.a(_clear_bss.o)
 .text.libgcc   0x000078b4        0x0 c:/progra~2/arduino/hardware/tools/avr/bin/../lib/gcc/avr/4.9.2/avr5\libgcc.a(_clear_bss.o)
 .text.libgcc.prologue
                0x000078b4        0x0 c:/progra~2/arduino/hardware/tools/avr/bin/../lib/gcc/avr/4.9.2/avr5\libgcc.a(_clear_bss.o)
 .text.libgcc.builtins
                0x000078b4        0x0 c:/progra~2/arduino/hardware/tools/avr/bin/../lib/gcc/avr/4.9.2/avr5\libgcc.a(_clear_bss.o)
 .text.libgcc.fmul
                0x000078b4        0x0 c:/progra~2/arduino/hardware/tools/avr/bin/../lib/gcc/avr/4.9.2/avr5\libgcc.a(_clear_bss.o)
 .text.libgcc.fixed
                0x000078b4        0x0 c:/progra~2/arduino/hardware/tools/avr/bin/../lib/gcc/avr/4.9.2/avr5\libgcc.a(_clear_bss.o)
 .text.libgcc.mul
                0x000078b4        0x0 c:/progra~2/arduino/hardware/tools/avr/bin/../lib/gcc/avr/4.9.2/avr5\libgcc.a(_ctors.o)
 .text.libgcc.div
                0x000078b4        0x0 c:/progra~2/arduino/hardware/tools/avr/bin/../lib/gcc/avr/4.9.2/avr5\libgcc.a(_ctors.o)
 .text.libgcc   0x000078b4        0x0 c:/progra~2/arduino/hardware/tools/avr/bin/../lib/gcc/avr/4.9.2/avr5\libgcc.a(_ctors.o)
 .text.libgcc.prologue
                0x000078b4        0x0 c:/progra~2/arduino/hardware/tools/avr/bin/../lib/gcc/avr/4.9.2/avr5\libgcc.a(_ctors.o)
 .text.libgcc.builtins
                0x000078b4        0x0 c:/progra~2/arduino/hardware/tools/avr/bin/../lib/gcc/avr/4.9.2/avr5\libgcc.a(_ctors.o)
 .text.libgcc.fmul
                0x000078b4        0x0 c:/progra~2/arduino/hardware/tools/avr/bin/../lib/gcc/avr/4.9.2/avr5\libgcc.a(_ctors.o)
 .text.libgcc.fixed
                0x000078b4        0x0 c:/progra~2/arduino/hardware/tools/avr/bin/../lib/gcc/avr/4.9.2/avr5\libgcc.a(_ctors.o)
 .text.libgcc.mul
                0x000078b4        0x0 c:/progra~2/arduino/hardware/tools/avr/bin/../lib/gcc/avr/4.9.2/avr5\libgcc.a(_dtors.o)
 .text.libgcc.div
                0x000078b4        0x0 c:/progra~2/arduino/hardware/tools/avr/bin/../lib/gcc/avr/4.9.2/avr5\libgcc.a(_dtors.o)
 .text.libgcc   0x000078b4        0x0 c:/progra~2/arduino/hardware/tools/avr/bin/../lib/gcc/avr/4.9.2/avr5\libgcc.a(_dtors.o)
 .text.libgcc.prologue
                0x000078b4        0x0 c:/progra~2/arduino/hardware/tools/avr/bin/../lib/gcc/avr/4.9.2/avr5\libgcc.a(_dtors.o)
 .text.libgcc.builtins
                0x000078b4        0x0 c:/progra~2/arduino/hardware/tools/avr/bin/../lib/gcc/avr/4.9.2/avr5\libgcc.a(_dtors.o)
 .text.libgcc.fmul
                0x000078b4        0x0 c:/progra~2/arduino/hardware/tools/avr/bin/../lib/gcc/avr/4.9.2/avr5\libgcc.a(_dtors.o)
 .text.libgcc.fixed
                0x000078b4        0x0 c:/progra~2/arduino/hardware/tools/avr/bin/../lib/gcc/avr/4.9.2/avr5\libgcc.a(_dtors.o)
 .text.libgcc.mul
                0x000078b4        0x0 c:/progra~2/arduino/hardware/tools/avr/bin/../lib/gcc/avr/4.9.2/avr5\libgcc.a(_tablejump2.o)
 .text.libgcc.div
                0x000078b4        0x0 c:/progra~2/arduino/hardware/tools/avr/bin/../lib/gcc/avr/4.9.2/avr5\libgcc.a(_tablejump2.o)
 .text.libgcc   0x000078b4        0xc c:/progra~2/arduino/hardware/tools/avr/bin/../lib/gcc/avr/4.9.2/avr5\libgcc.a(_tablejump2.o)
                0x000078b4                __tablejump2__
 .text.libgcc.prologue
                0x000078c0        0x0 c:/progra~2/arduino/hardware/tools/avr/bin/../lib/gcc/avr/4.9.2/avr5\libgcc.a(_tablejump2.o)
 .text.libgcc.builtins
                0x000078c0        0x0 c:/progra~2/arduino/hardware/tools/avr/bin/../lib/gcc/avr/4.9.2/avr5\libgcc.a(_tablejump2.o)
 .text.libgcc.fmul
                0x000078c0        0x0 c:/progra~2/arduino/hardware/tools/avr/bin/../lib/gcc/avr/4.9.2/avr5\libgcc.a(_tablejump2.o)
 .text.libgcc.fixed
                0x000078c0        0x0 c:/progra~2/arduino/hardware/tools/avr/bin/../lib/gcc/avr/4.9.2/avr5\libgcc.a(_tablejump2.o)
 .text.avr-libc
                0x000078c0      0x25a c:/progra~2/arduino/hardware/tools/avr/bin/../lib/gcc/avr/4.9.2/../../../../avr/lib/avr5\libc.a(malloc.o)
                0x000078c0                malloc
                0x000079ea                free
 .text.avr-libc
                0x00007b1a        0xa c:/progra~2/arduino/hardware/tools/avr/bin/../lib/gcc/avr/4.9.2/../../../../avr/lib/avr5\libc.a(abort.o)
                0x00007b1a                abort
                0x00007b24                . = ALIGN (0x2)
 *(.fini9)
 .fini9         0x00007b24        0x0 c:/progra~2/arduino/hardware/tools/avr/bin/../lib/gcc/avr/4.9.2/avr5\libgcc.a(_exit.o)
                0x00007b24                _exit
                0x00007b24                exit
 *(.fini9)
 *(.fini8)
 *(.fini8)
 *(.fini7)
 *(.fini7)
 *(.fini6)
 .fini6         0x00007b24       0x16 c:/progra~2/arduino/hardware/tools/avr/bin/../lib/gcc/avr/4.9.2/avr5\libgcc.a(_dtors.o)
                0x00007b24                __do_global_dtors
 *(.fini6)
 *(.fini5)
 *(.fini5)
 *(.fini4)
 *(.fini4)
 *(.fini3)
 *(.fini3)
 *(.fini2)
 *(.fini2)
 *(.fini1)
 *(.fini1)
 *(.fini0)
 .fini0         0x00007b3a        0x4 c:/progra~2/arduino/hardware/tools/avr/bin/../lib/gcc/avr/4.9.2/avr5\libgcc.a(_exit.o)
 *(.fini0)
                0x00007b3e                _etext = .

.data           0x00800100       0x86 load address 0x00007b3e
                0x00800100                PROVIDE (__data_start, .)
 *(.data)
 .data          0x00800100        0x0 c:/progra~2/arduino/hardware/tools/avr/bin/../lib/gcc/avr/4.9.2/../../../../avr/lib/avr5/crtatmega328p.o
 .data          0x00800100        0x0 bin/gris5A.o
 .data          0x00800100        0x0 lib/arduino.a(HardwareSerial.o)
 .data          0x00800100        0x0 lib/arduino.a(HardwareSerial0.o)
 .data          0x00800100        0x0 lib/arduino.a(main.o)
 .data          0x00800100        0x0 lib/arduino.a(new.o)
 .data          0x00800100        0x0 lib/arduino.a(Print.o)
 .data          0x00800100        0x0 lib/arduino.a(wiring.o)
 .data          0x00800100        0x0 lib/arduino.a(wiring_digital.o)
 .data          0x00800100        0x0 lib/arduino.a(wiring_shift.o)
 .data          0x00800100        0x0 lib/arduino.a(abi.o)
 .data          0x00800100        0x0 lib/arduino.a(hooks.o)
 .data          0x00800100        0x0 lib/qpn_avr.a(qepn.o)
 .data          0x00800100        0x0 lib/qpn_avr.a(qfn.o)
 .data          0x00800100        0x0 lib/qpn_avr.a(qvn.o)
 .data          0x00800100        0x0 lib/gris5Alib.a(_Adafruit_PWMServoDriver.o)
 .data          0x00800100        0x0 lib/gris5Alib.a(_Wire.o)
 .data          0x00800100        0x0 lib/gris5Alib.a(_twi.o)
 .data          0x00800100        0x0 c:/progra~2/arduino/hardware/tools/avr/bin/../lib/gcc/avr/4.9.2/../../../../avr/lib/avr5\libm.a(addsf3.o)
 .data          0x00800100        0x0 c:/progra~2/arduino/hardware/tools/avr/bin/../lib/gcc/avr/4.9.2/../../../../avr/lib/avr5\libm.a(addsf3x.o)
 .data          0x00800100        0x0 c:/progra~2/arduino/hardware/tools/avr/bin/../lib/gcc/avr/4.9.2/../../../../avr/lib/avr5\libm.a(cmpsf2.o)
 .data          0x00800100        0x0 c:/progra~2/arduino/hardware/tools/avr/bin/../lib/gcc/avr/4.9.2/../../../../avr/lib/avr5\libm.a(divsf3.o)
 .data          0x00800100        0x0 c:/progra~2/arduino/hardware/tools/avr/bin/../lib/gcc/avr/4.9.2/../../../../avr/lib/avr5\libm.a(divsf3x.o)
 .data          0x00800100        0x0 c:/progra~2/arduino/hardware/tools/avr/bin/../lib/gcc/avr/4.9.2/../../../../avr/lib/avr5\libm.a(fixunssfsi.o)
 .data          0x00800100        0x0 c:/progra~2/arduino/hardware/tools/avr/bin/../lib/gcc/avr/4.9.2/../../../../avr/lib/avr5\libm.a(floatsisf.o)
 .data          0x00800100        0x0 c:/progra~2/arduino/hardware/tools/avr/bin/../lib/gcc/avr/4.9.2/../../../../avr/lib/avr5\libm.a(floor.o)
 .data          0x00800100        0x0 c:/progra~2/arduino/hardware/tools/avr/bin/../lib/gcc/avr/4.9.2/../../../../avr/lib/avr5\libm.a(fp_cmp.o)
 .data          0x00800100        0x0 c:/progra~2/arduino/hardware/tools/avr/bin/../lib/gcc/avr/4.9.2/../../../../avr/lib/avr5\libm.a(fp_inf.o)
 .data          0x00800100        0x0 c:/progra~2/arduino/hardware/tools/avr/bin/../lib/gcc/avr/4.9.2/../../../../avr/lib/avr5\libm.a(fp_mintl.o)
 .data          0x00800100        0x0 c:/progra~2/arduino/hardware/tools/avr/bin/../lib/gcc/avr/4.9.2/../../../../avr/lib/avr5\libm.a(fp_mpack.o)
 .data          0x00800100        0x0 c:/progra~2/arduino/hardware/tools/avr/bin/../lib/gcc/avr/4.9.2/../../../../avr/lib/avr5\libm.a(fp_nan.o)
 .data          0x00800100        0x0 c:/progra~2/arduino/hardware/tools/avr/bin/../lib/gcc/avr/4.9.2/../../../../avr/lib/avr5\libm.a(fp_pscA.o)
 .data          0x00800100        0x0 c:/progra~2/arduino/hardware/tools/avr/bin/../lib/gcc/avr/4.9.2/../../../../avr/lib/avr5\libm.a(fp_pscB.o)
 .data          0x00800100        0x0 c:/progra~2/arduino/hardware/tools/avr/bin/../lib/gcc/avr/4.9.2/../../../../avr/lib/avr5\libm.a(fp_round.o)
 .data          0x00800100        0x0 c:/progra~2/arduino/hardware/tools/avr/bin/../lib/gcc/avr/4.9.2/../../../../avr/lib/avr5\libm.a(fp_split3.o)
 .data          0x00800100        0x0 c:/progra~2/arduino/hardware/tools/avr/bin/../lib/gcc/avr/4.9.2/../../../../avr/lib/avr5\libm.a(fp_trunc.o)
 .data          0x00800100        0x0 c:/progra~2/arduino/hardware/tools/avr/bin/../lib/gcc/avr/4.9.2/../../../../avr/lib/avr5\libm.a(fp_zero.o)
 .data          0x00800100        0x0 c:/progra~2/arduino/hardware/tools/avr/bin/../lib/gcc/avr/4.9.2/../../../../avr/lib/avr5\libm.a(gesf2.o)
 .data          0x00800100        0x0 c:/progra~2/arduino/hardware/tools/avr/bin/../lib/gcc/avr/4.9.2/../../../../avr/lib/avr5\libm.a(mulsf3.o)
 .data          0x00800100        0x0 c:/progra~2/arduino/hardware/tools/avr/bin/../lib/gcc/avr/4.9.2/../../../../avr/lib/avr5\libm.a(mulsf3x.o)
 .data          0x00800100        0x0 c:/progra~2/arduino/hardware/tools/avr/bin/../lib/gcc/avr/4.9.2/../../../../avr/lib/avr5\libm.a(pow.o)
 .data          0x00800100        0x0 c:/progra~2/arduino/hardware/tools/avr/bin/../lib/gcc/avr/4.9.2/../../../../avr/lib/avr5\libm.a(unordsf2.o)
 .data          0x00800100        0x0 c:/progra~2/arduino/hardware/tools/avr/bin/../lib/gcc/avr/4.9.2/../../../../avr/lib/avr5\libm.a(exp.o)
 .data          0x00800100        0x0 c:/progra~2/arduino/hardware/tools/avr/bin/../lib/gcc/avr/4.9.2/../../../../avr/lib/avr5\libm.a(fp_powser.o)
 .data          0x00800100        0x0 c:/progra~2/arduino/hardware/tools/avr/bin/../lib/gcc/avr/4.9.2/../../../../avr/lib/avr5\libm.a(inverse.o)
 .data          0x00800100        0x0 c:/progra~2/arduino/hardware/tools/avr/bin/../lib/gcc/avr/4.9.2/../../../../avr/lib/avr5\libm.a(ldexp.o)
 .data          0x00800100        0x0 c:/progra~2/arduino/hardware/tools/avr/bin/../lib/gcc/avr/4.9.2/../../../../avr/lib/avr5\libm.a(log.o)
 .data          0x00800100        0x0 c:/progra~2/arduino/hardware/tools/avr/bin/../lib/gcc/avr/4.9.2/../../../../avr/lib/avr5\libm.a(modf.o)
 .data          0x00800100        0x0 c:/progra~2/arduino/hardware/tools/avr/bin/../lib/gcc/avr/4.9.2/avr5\libgcc.a(_udivmodhi4.o)
 .data          0x00800100        0x0 c:/progra~2/arduino/hardware/tools/avr/bin/../lib/gcc/avr/4.9.2/avr5\libgcc.a(_udivmodsi4.o)
 .data          0x00800100        0x0 c:/progra~2/arduino/hardware/tools/avr/bin/../lib/gcc/avr/4.9.2/avr5\libgcc.a(_exit.o)
 .data          0x00800100        0x0 c:/progra~2/arduino/hardware/tools/avr/bin/../lib/gcc/avr/4.9.2/avr5\libgcc.a(_copy_data.o)
 .data          0x00800100        0x0 c:/progra~2/arduino/hardware/tools/avr/bin/../lib/gcc/avr/4.9.2/avr5\libgcc.a(_clear_bss.o)
 .data          0x00800100        0x0 c:/progra~2/arduino/hardware/tools/avr/bin/../lib/gcc/avr/4.9.2/avr5\libgcc.a(_ctors.o)
 .data          0x00800100        0x0 c:/progra~2/arduino/hardware/tools/avr/bin/../lib/gcc/avr/4.9.2/avr5\libgcc.a(_dtors.o)
 .data          0x00800100        0x0 c:/progra~2/arduino/hardware/tools/avr/bin/../lib/gcc/avr/4.9.2/avr5\libgcc.a(_tablejump2.o)
 .data          0x00800100        0x6 c:/progra~2/arduino/hardware/tools/avr/bin/../lib/gcc/avr/4.9.2/../../../../avr/lib/avr5\libc.a(malloc.o)
                0x00800100                __malloc_heap_end
                0x00800102                __malloc_heap_start
                0x00800104                __malloc_margin
 .data          0x00800106        0x0 c:/progra~2/arduino/hardware/tools/avr/bin/../lib/gcc/avr/4.9.2/../../../../avr/lib/avr5\libc.a(abort.o)
 *(.data*)
 *(.rodata)
 *(.rodata*)
 .rodata.str1.1
                0x00800106       0x2e bin/gris5A.o
 .rodata._ZTV24ServoShieldPCA9685Linear
                0x00800134        0xe bin/gris5A.o
                0x00800134                _ZTV24ServoShieldPCA9685Linear
 .rodata._ZTV14HardwareSerial
                0x00800142       0x10 lib/arduino.a(HardwareSerial.o)
                0x00800142                _ZTV14HardwareSerial
 .rodata.str1.1
                0x00800152        0xf lib/arduino.a(Print.o)
 .rodata._ZTV5Print
                0x00800161        0x8 lib/arduino.a(Print.o)
                0x00800161                _ZTV5Print
 .rodata.vtbl.1787
                0x00800169        0x4 lib/qpn_avr.a(qepn.o)
 .rodata.vtbl.1786
                0x0080016d        0x8 lib/qpn_avr.a(qfn.o)
 .rodata._ZTV7TwoWire
                0x00800175       0x10 lib/gris5Alib.a(_Wire.o)
                0x00800175                _ZTV7TwoWire
 *(.gnu.linkonce.d*)
                0x00800186                . = ALIGN (0x2)
 *fill*         0x00800185        0x1 
                0x00800186                _edata = .
                0x00800186                PROVIDE (__data_end, .)

.bss            0x00800186      0x33d
                0x00800186                PROVIDE (__bss_start, .)
 *(.bss)
 .bss           0x00800186        0x0 c:/progra~2/arduino/hardware/tools/avr/bin/../lib/gcc/avr/4.9.2/../../../../avr/lib/avr5/crtatmega328p.o
 .bss           0x00800186        0x0 bin/gris5A.o
 .bss           0x00800186        0x0 lib/arduino.a(HardwareSerial.o)
 .bss           0x00800186        0x0 lib/arduino.a(HardwareSerial0.o)
 .bss           0x00800186        0x0 lib/arduino.a(main.o)
 .bss           0x00800186        0x0 lib/arduino.a(new.o)
 .bss           0x00800186        0x0 lib/arduino.a(Print.o)
 .bss           0x00800186        0x0 lib/arduino.a(wiring.o)
 .bss           0x00800186        0x0 lib/arduino.a(wiring_digital.o)
 .bss           0x00800186        0x0 lib/arduino.a(wiring_shift.o)
 .bss           0x00800186        0x0 lib/arduino.a(abi.o)
 .bss           0x00800186        0x0 lib/arduino.a(hooks.o)
 .bss           0x00800186        0x0 lib/qpn_avr.a(qepn.o)
 .bss           0x00800186        0x0 lib/qpn_avr.a(qfn.o)
 .bss           0x00800186        0x0 lib/qpn_avr.a(qvn.o)
 .bss           0x00800186        0x0 lib/gris5Alib.a(_Adafruit_PWMServoDriver.o)
 .bss           0x00800186        0x0 lib/gris5Alib.a(_Wire.o)
 .bss           0x00800186        0x0 lib/gris5Alib.a(_twi.o)
 .bss           0x00800186        0x0 c:/progra~2/arduino/hardware/tools/avr/bin/../lib/gcc/avr/4.9.2/../../../../avr/lib/avr5\libm.a(addsf3.o)
 .bss           0x00800186        0x0 c:/progra~2/arduino/hardware/tools/avr/bin/../lib/gcc/avr/4.9.2/../../../../avr/lib/avr5\libm.a(addsf3x.o)
 .bss           0x00800186        0x0 c:/progra~2/arduino/hardware/tools/avr/bin/../lib/gcc/avr/4.9.2/../../../../avr/lib/avr5\libm.a(cmpsf2.o)
 .bss           0x00800186        0x0 c:/progra~2/arduino/hardware/tools/avr/bin/../lib/gcc/avr/4.9.2/../../../../avr/lib/avr5\libm.a(divsf3.o)
 .bss           0x00800186        0x0 c:/progra~2/arduino/hardware/tools/avr/bin/../lib/gcc/avr/4.9.2/../../../../avr/lib/avr5\libm.a(divsf3x.o)
 .bss           0x00800186        0x0 c:/progra~2/arduino/hardware/tools/avr/bin/../lib/gcc/avr/4.9.2/../../../../avr/lib/avr5\libm.a(fixunssfsi.o)
 .bss           0x00800186        0x0 c:/progra~2/arduino/hardware/tools/avr/bin/../lib/gcc/avr/4.9.2/../../../../avr/lib/avr5\libm.a(floatsisf.o)
 .bss           0x00800186        0x0 c:/progra~2/arduino/hardware/tools/avr/bin/../lib/gcc/avr/4.9.2/../../../../avr/lib/avr5\libm.a(floor.o)
 .bss           0x00800186        0x0 c:/progra~2/arduino/hardware/tools/avr/bin/../lib/gcc/avr/4.9.2/../../../../avr/lib/avr5\libm.a(fp_cmp.o)
 .bss           0x00800186        0x0 c:/progra~2/arduino/hardware/tools/avr/bin/../lib/gcc/avr/4.9.2/../../../../avr/lib/avr5\libm.a(fp_inf.o)
 .bss           0x00800186        0x0 c:/progra~2/arduino/hardware/tools/avr/bin/../lib/gcc/avr/4.9.2/../../../../avr/lib/avr5\libm.a(fp_mintl.o)
 .bss           0x00800186        0x0 c:/progra~2/arduino/hardware/tools/avr/bin/../lib/gcc/avr/4.9.2/../../../../avr/lib/avr5\libm.a(fp_mpack.o)
 .bss           0x00800186        0x0 c:/progra~2/arduino/hardware/tools/avr/bin/../lib/gcc/avr/4.9.2/../../../../avr/lib/avr5\libm.a(fp_nan.o)
 .bss           0x00800186        0x0 c:/progra~2/arduino/hardware/tools/avr/bin/../lib/gcc/avr/4.9.2/../../../../avr/lib/avr5\libm.a(fp_pscA.o)
 .bss           0x00800186        0x0 c:/progra~2/arduino/hardware/tools/avr/bin/../lib/gcc/avr/4.9.2/../../../../avr/lib/avr5\libm.a(fp_pscB.o)
 .bss           0x00800186        0x0 c:/progra~2/arduino/hardware/tools/avr/bin/../lib/gcc/avr/4.9.2/../../../../avr/lib/avr5\libm.a(fp_round.o)
 .bss           0x00800186        0x0 c:/progra~2/arduino/hardware/tools/avr/bin/../lib/gcc/avr/4.9.2/../../../../avr/lib/avr5\libm.a(fp_split3.o)
 .bss           0x00800186        0x0 c:/progra~2/arduino/hardware/tools/avr/bin/../lib/gcc/avr/4.9.2/../../../../avr/lib/avr5\libm.a(fp_trunc.o)
 .bss           0x00800186        0x0 c:/progra~2/arduino/hardware/tools/avr/bin/../lib/gcc/avr/4.9.2/../../../../avr/lib/avr5\libm.a(fp_zero.o)
 .bss           0x00800186        0x0 c:/progra~2/arduino/hardware/tools/avr/bin/../lib/gcc/avr/4.9.2/../../../../avr/lib/avr5\libm.a(gesf2.o)
 .bss           0x00800186        0x0 c:/progra~2/arduino/hardware/tools/avr/bin/../lib/gcc/avr/4.9.2/../../../../avr/lib/avr5\libm.a(mulsf3.o)
 .bss           0x00800186        0x0 c:/progra~2/arduino/hardware/tools/avr/bin/../lib/gcc/avr/4.9.2/../../../../avr/lib/avr5\libm.a(mulsf3x.o)
 .bss           0x00800186        0x0 c:/progra~2/arduino/hardware/tools/avr/bin/../lib/gcc/avr/4.9.2/../../../../avr/lib/avr5\libm.a(pow.o)
 .bss           0x00800186        0x0 c:/progra~2/arduino/hardware/tools/avr/bin/../lib/gcc/avr/4.9.2/../../../../avr/lib/avr5\libm.a(unordsf2.o)
 .bss           0x00800186        0x0 c:/progra~2/arduino/hardware/tools/avr/bin/../lib/gcc/avr/4.9.2/../../../../avr/lib/avr5\libm.a(exp.o)
 .bss           0x00800186        0x0 c:/progra~2/arduino/hardware/tools/avr/bin/../lib/gcc/avr/4.9.2/../../../../avr/lib/avr5\libm.a(fp_powser.o)
 .bss           0x00800186        0x0 c:/progra~2/arduino/hardware/tools/avr/bin/../lib/gcc/avr/4.9.2/../../../../avr/lib/avr5\libm.a(inverse.o)
 .bss           0x00800186        0x0 c:/progra~2/arduino/hardware/tools/avr/bin/../lib/gcc/avr/4.9.2/../../../../avr/lib/avr5\libm.a(ldexp.o)
 .bss           0x00800186        0x0 c:/progra~2/arduino/hardware/tools/avr/bin/../lib/gcc/avr/4.9.2/../../../../avr/lib/avr5\libm.a(log.o)
 .bss           0x00800186        0x0 c:/progra~2/arduino/hardware/tools/avr/bin/../lib/gcc/avr/4.9.2/../../../../avr/lib/avr5\libm.a(modf.o)
 .bss           0x00800186        0x0 c:/progra~2/arduino/hardware/tools/avr/bin/../lib/gcc/avr/4.9.2/avr5\libgcc.a(_udivmodhi4.o)
 .bss           0x00800186        0x0 c:/progra~2/arduino/hardware/tools/avr/bin/../lib/gcc/avr/4.9.2/avr5\libgcc.a(_udivmodsi4.o)
 .bss           0x00800186        0x0 c:/progra~2/arduino/hardware/tools/avr/bin/../lib/gcc/avr/4.9.2/avr5\libgcc.a(_exit.o)
 .bss           0x00800186        0x0 c:/progra~2/arduino/hardware/tools/avr/bin/../lib/gcc/avr/4.9.2/avr5\libgcc.a(_copy_data.o)
 .bss           0x00800186        0x0 c:/progra~2/arduino/hardware/tools/avr/bin/../lib/gcc/avr/4.9.2/avr5\libgcc.a(_clear_bss.o)
 .bss           0x00800186        0x0 c:/progra~2/arduino/hardware/tools/avr/bin/../lib/gcc/avr/4.9.2/avr5\libgcc.a(_ctors.o)
 .bss           0x00800186        0x0 c:/progra~2/arduino/hardware/tools/avr/bin/../lib/gcc/avr/4.9.2/avr5\libgcc.a(_dtors.o)
 .bss           0x00800186        0x0 c:/progra~2/arduino/hardware/tools/avr/bin/../lib/gcc/avr/4.9.2/avr5\libgcc.a(_tablejump2.o)
 .bss           0x00800186        0x0 c:/progra~2/arduino/hardware/tools/avr/bin/../lib/gcc/avr/4.9.2/../../../../avr/lib/avr5\libc.a(malloc.o)
 .bss           0x00800186        0x0 c:/progra~2/arduino/hardware/tools/avr/bin/../lib/gcc/avr/4.9.2/../../../../avr/lib/avr5\libc.a(abort.o)
 *(.bss*)
 .bss._ZL15l_MotorsOutQSto
                0x00800186       0x64 bin/gris5A.o
 .bss.AO_MotorsOut
                0x008001ea       0x33 bin/gris5A.o
                0x008001ea                AO_MotorsOut
 .bss._ZL12l_DKbOutQSto
                0x0080021d        0xa bin/gris5A.o
 .bss.AO_DKbOut
                0x00800227       0x13 bin/gris5A.o
                0x00800227                AO_DKbOut
 .bss._ZL17l_UserProgramQSto
                0x0080023a       0x19 bin/gris5A.o
 .bss.AO_UserProgram
                0x00800253       0x64 bin/gris5A.o
                0x00800253                AO_UserProgram
 .bss._ZL12l_PreSetQSto
                0x008002b7       0x19 bin/gris5A.o
 .bss.AO_PreSet
                0x008002d0       0x17 bin/gris5A.o
                0x008002d0                AO_PreSet
 .bss._ZL18l_ManualMotionQSto
                0x008002e7       0x19 bin/gris5A.o
 .bss.AO_ManualMotion
                0x00800300       0x14 bin/gris5A.o
                0x00800300                AO_ManualMotion
 .bss._ZL11l_DKbInQSto
                0x00800314       0x19 bin/gris5A.o
 .bss.AO_DKbIn  0x0080032d       0x17 bin/gris5A.o
                0x0080032d                AO_DKbIn
 .bss.servoLib  0x00800344        0x8 bin/gris5A.o
                0x00800344                servoLib
 .bss.impl      0x0080034c        0x7 bin/gris5A.o
                0x0080034c                impl
 .bss.Serial    0x00800353       0x9d lib/arduino.a(HardwareSerial0.o)
                0x00800353                Serial
 .bss.timer0_fract
                0x008003f0        0x1 lib/arduino.a(wiring.o)
 .bss.timer0_millis
                0x008003f1        0x4 lib/arduino.a(wiring.o)
                0x008003f1                timer0_millis
 .bss.timer0_overflow_count
                0x008003f5        0x4 lib/arduino.a(wiring.o)
                0x008003f5                timer0_overflow_count
 .bss.Wire      0x008003f9        0xc lib/gris5Alib.a(_Wire.o)
                0x008003f9                Wire
 .bss._ZN7TwoWire14user_onReceiveE
                0x00800405        0x2 lib/gris5Alib.a(_Wire.o)
                0x00800405                _ZN7TwoWire14user_onReceiveE
 .bss._ZN7TwoWire14user_onRequestE
                0x00800407        0x2 lib/gris5Alib.a(_Wire.o)
                0x00800407                _ZN7TwoWire14user_onRequestE
 .bss._ZN7TwoWire12transmittingE
                0x00800409        0x1 lib/gris5Alib.a(_Wire.o)
                0x00800409                _ZN7TwoWire12transmittingE
 .bss._ZN7TwoWire14txBufferLengthE
                0x0080040a        0x1 lib/gris5Alib.a(_Wire.o)
                0x0080040a                _ZN7TwoWire14txBufferLengthE
 .bss._ZN7TwoWire13txBufferIndexE
                0x0080040b        0x1 lib/gris5Alib.a(_Wire.o)
                0x0080040b                _ZN7TwoWire13txBufferIndexE
 .bss._ZN7TwoWire8txBufferE
                0x0080040c       0x20 lib/gris5Alib.a(_Wire.o)
                0x0080040c                _ZN7TwoWire8txBufferE
 .bss._ZN7TwoWire9txAddressE
                0x0080042c        0x1 lib/gris5Alib.a(_Wire.o)
                0x0080042c                _ZN7TwoWire9txAddressE
 .bss._ZN7TwoWire14rxBufferLengthE
                0x0080042d        0x1 lib/gris5Alib.a(_Wire.o)
                0x0080042d                _ZN7TwoWire14rxBufferLengthE
 .bss._ZN7TwoWire13rxBufferIndexE
                0x0080042e        0x1 lib/gris5Alib.a(_Wire.o)
                0x0080042e                _ZN7TwoWire13rxBufferIndexE
 .bss._ZN7TwoWire8rxBufferE
                0x0080042f       0x20 lib/gris5Alib.a(_Wire.o)
                0x0080042f                _ZN7TwoWire8rxBufferE
 .bss.twi_error
                0x0080044f        0x1 lib/gris5Alib.a(_twi.o)
 .bss.twi_rxBufferIndex
                0x00800450        0x1 lib/gris5Alib.a(_twi.o)
 .bss.twi_rxBuffer
                0x00800451       0x20 lib/gris5Alib.a(_twi.o)
 .bss.twi_txBufferLength
                0x00800471        0x1 lib/gris5Alib.a(_twi.o)
 .bss.twi_txBufferIndex
                0x00800472        0x1 lib/gris5Alib.a(_twi.o)
 .bss.twi_txBuffer
                0x00800473       0x20 lib/gris5Alib.a(_twi.o)
 .bss.twi_masterBufferLength
                0x00800493        0x1 lib/gris5Alib.a(_twi.o)
 .bss.twi_masterBufferIndex
                0x00800494        0x1 lib/gris5Alib.a(_twi.o)
 .bss.twi_masterBuffer
                0x00800495       0x20 lib/gris5Alib.a(_twi.o)
 .bss.twi_onSlaveReceive
                0x008004b5        0x2 lib/gris5Alib.a(_twi.o)
 .bss.twi_onSlaveTransmit
                0x008004b7        0x2 lib/gris5Alib.a(_twi.o)
 .bss.twi_inRepStart
                0x008004b9        0x1 lib/gris5Alib.a(_twi.o)
 .bss.twi_sendStop
                0x008004ba        0x1 lib/gris5Alib.a(_twi.o)
 .bss.twi_slarw
                0x008004bb        0x1 lib/gris5Alib.a(_twi.o)
 .bss.twi_state
                0x008004bc        0x1 lib/gris5Alib.a(_twi.o)
 *(COMMON)
 COMMON         0x008004bd        0x2 lib/qpn_avr.a(qfn.o)
                0x008004bd                QF_maxActive_
                0x008004be                QF_readySet_
 COMMON         0x008004bf        0x4 c:/progra~2/arduino/hardware/tools/avr/bin/../lib/gcc/avr/4.9.2/../../../../avr/lib/avr5\libc.a(malloc.o)
                0x008004bf                __brkval
                0x008004c1                __flp
                0x008004c3                PROVIDE (__bss_end, .)
                0x00007b3e                __data_load_start = LOADADDR (.data)
                0x00007bc4                __data_load_end = (__data_load_start + SIZEOF (.data))

.noinit         0x008004c3        0x0
                0x008004c3                PROVIDE (__noinit_start, .)
 *(.noinit*)
                0x008004c3                PROVIDE (__noinit_end, .)
                0x008004c3                _end = .
                0x008004c3                PROVIDE (__heap_start, .)

.eeprom         0x00810000        0x0
 *(.eeprom*)
                0x00810000                __eeprom_end = .

.fuse
 *(.fuse)
 *(.lfuse)
 *(.hfuse)
 *(.efuse)

.lock
 *(.lock*)

.signature
 *(.signature*)

.stab
 *(.stab)

.stabstr
 *(.stabstr)

.stab.excl
 *(.stab.excl)

.stab.exclstr
 *(.stab.exclstr)

.stab.index
 *(.stab.index)

.stab.indexstr
 *(.stab.indexstr)

.comment        0x00000000       0x11
 *(.comment)
 .comment       0x00000000       0x11 bin/gris5A.o
                                 0x12 (size before relaxing)
 .comment       0x00000011       0x12 lib/arduino.a(HardwareSerial.o)
 .comment       0x00000011       0x12 lib/arduino.a(HardwareSerial0.o)
 .comment       0x00000011       0x12 lib/arduino.a(main.o)
 .comment       0x00000011       0x12 lib/arduino.a(new.o)
 .comment       0x00000011       0x12 lib/arduino.a(Print.o)
 .comment       0x00000011       0x12 lib/arduino.a(wiring.o)
 .comment       0x00000011       0x12 lib/arduino.a(wiring_digital.o)
 .comment       0x00000011       0x12 lib/arduino.a(wiring_shift.o)
 .comment       0x00000011       0x12 lib/arduino.a(abi.o)
 .comment       0x00000011       0x12 lib/arduino.a(hooks.o)
 .comment       0x00000011       0x12 lib/qpn_avr.a(qepn.o)
 .comment       0x00000011       0x12 lib/qpn_avr.a(qfn.o)
 .comment       0x00000011       0x12 lib/qpn_avr.a(qvn.o)
 .comment       0x00000011       0x12 lib/gris5Alib.a(_Adafruit_PWMServoDriver.o)
 .comment       0x00000011       0x12 lib/gris5Alib.a(_Wire.o)
 .comment       0x00000011       0x12 lib/gris5Alib.a(_twi.o)
 .comment       0x00000011       0x12 c:/progra~2/arduino/hardware/tools/avr/bin/../lib/gcc/avr/4.9.2/../../../../avr/lib/avr5\libc.a(malloc.o)

.note.gnu.avr.deviceinfo
                0x00000000       0x40
 .note.gnu.avr.deviceinfo
                0x00000000       0x40 c:/progra~2/arduino/hardware/tools/avr/bin/../lib/gcc/avr/4.9.2/../../../../avr/lib/avr5/crtatmega328p.o

.note.gnu.build-id
 *(.note.gnu.build-id)

.debug
 *(.debug)

.line
 *(.line)

.debug_srcinfo
 *(.debug_srcinfo)

.debug_sfnames
 *(.debug_sfnames)

.debug_aranges
 *(.debug_aranges)

.debug_pubnames
 *(.debug_pubnames)

.debug_info     0x00000000      0x5f4
 *(.debug_info .gnu.linkonce.wi.*)
 .debug_info    0x00000000      0x5f4 c:/progra~2/arduino/hardware/tools/avr/bin/../lib/gcc/avr/4.9.2/../../../../avr/lib/avr5/crtatmega328p.o

.debug_abbrev   0x00000000      0x5a2
 *(.debug_abbrev)
 .debug_abbrev  0x00000000      0x5a2 c:/progra~2/arduino/hardware/tools/avr/bin/../lib/gcc/avr/4.9.2/../../../../avr/lib/avr5/crtatmega328p.o

.debug_line     0x00000000       0x1a
 *(.debug_line .debug_line.* .debug_line_end)
 .debug_line    0x00000000       0x1a c:/progra~2/arduino/hardware/tools/avr/bin/../lib/gcc/avr/4.9.2/../../../../avr/lib/avr5/crtatmega328p.o

.debug_frame
 *(.debug_frame)

.debug_str      0x00000000      0x208
 *(.debug_str)
 .debug_str     0x00000000      0x208 c:/progra~2/arduino/hardware/tools/avr/bin/../lib/gcc/avr/4.9.2/../../../../avr/lib/avr5/crtatmega328p.o

.debug_loc
 *(.debug_loc)

.debug_macinfo
 *(.debug_macinfo)

.debug_weaknames
 *(.debug_weaknames)

.debug_funcnames
 *(.debug_funcnames)

.debug_typenames
 *(.debug_typenames)

.debug_varnames
 *(.debug_varnames)

.debug_pubtypes
 *(.debug_pubtypes)

.debug_ranges
 *(.debug_ranges)

.debug_macro
 *(.debug_macro)
OUTPUT(bin/gris5A.elf elf32-avr)
LOAD linker stubs

Cross Reference Table

Symbol                                            File
AO_DKbIn                                          bin/gris5A.o
AO_DKbOut                                         bin/gris5A.o
AO_ManualMotion                                   bin/gris5A.o
AO_MotorsOut                                      bin/gris5A.o
AO_PreSet                                         bin/gris5A.o
AO_UserProgram                                    bin/gris5A.o
QActive_armX                                      lib/qpn_avr.a(qfn.o)
                                                  bin/gris5A.o
QActive_ctor                                      lib/qpn_avr.a(qfn.o)
                                                  bin/gris5A.o
QActive_disarmX                                   lib/qpn_avr.a(qfn.o)
QActive_postXISR_                                 lib/qpn_avr.a(qfn.o)
QActive_postX_                                    lib/qpn_avr.a(qfn.o)
QF_active                                         bin/gris5A.o
                                                  lib/qpn_avr.a(qvn.o)
                                                  lib/qpn_avr.a(qfn.o)
QF_init                                           lib/qpn_avr.a(qfn.o)
                                                  bin/gris5A.o
QF_log2Lkup                                       lib/qpn_avr.a(qfn.o)
                                                  lib/qpn_avr.a(qvn.o)
QF_maxActive_                                     lib/qpn_avr.a(qfn.o)
                                                  lib/qpn_avr.a(qvn.o)
QF_onStartup                                      bin/gris5A.o
                                                  lib/qpn_avr.a(qvn.o)
QF_readySet_                                      lib/qpn_avr.a(qfn.o)
                                                  lib/qpn_avr.a(qvn.o)
QF_run                                            lib/qpn_avr.a(qvn.o)
                                                  bin/gris5A.o
QF_tickXISR                                       lib/qpn_avr.a(qfn.o)
                                                  bin/gris5A.o
QHsm_childState_                                  lib/qpn_avr.a(qepn.o)
QHsm_ctor                                         lib/qpn_avr.a(qepn.o)
                                                  lib/qpn_avr.a(qfn.o)
QHsm_dispatch_                                    lib/qpn_avr.a(qepn.o)
                                                  lib/qpn_avr.a(qfn.o)
QHsm_init_                                        lib/qpn_avr.a(qepn.o)
                                                  lib/qpn_avr.a(qfn.o)
QHsm_top                                          lib/qpn_avr.a(qepn.o)
                                                  bin/gris5A.o
QP_versionStr                                     lib/qpn_avr.a(qepn.o)
QV_onIdle                                         bin/gris5A.o
                                                  lib/qpn_avr.a(qvn.o)
Q_onAssert                                        bin/gris5A.o
                                                  lib/qpn_avr.a(qvn.o)
                                                  lib/qpn_avr.a(qfn.o)
                                                  lib/qpn_avr.a(qepn.o)
Serial                                            lib/arduino.a(HardwareSerial0.o)
                                                  bin/gris5A.o
Wire                                              lib/gris5Alib.a(_Wire.o)
                                                  lib/gris5Alib.a(_Adafruit_PWMServoDriver.o)
_Z11serialEventv                                  lib/arduino.a(HardwareSerial.o)
_Z14serialEventRunv                               lib/arduino.a(HardwareSerial.o)
                                                  lib/arduino.a(main.o)
_Z17Serial0_availablev                            lib/arduino.a(HardwareSerial0.o)
                                                  lib/arduino.a(HardwareSerial.o)
_Z8setupUSBv                                      lib/arduino.a(main.o)
_ZN14HardwareSerial17_tx_udr_empty_irqEv          lib/arduino.a(HardwareSerial.o)
                                                  lib/arduino.a(HardwareSerial0.o)
_ZN14HardwareSerial17availableForWriteEv          lib/arduino.a(HardwareSerial.o)
_ZN14HardwareSerial3endEv                         lib/arduino.a(HardwareSerial.o)
_ZN14HardwareSerial4peekEv                        lib/arduino.a(HardwareSerial.o)